
AVRASM ver. 2.1.30  D:\Koptilnya\test UART-to-LCD\List\test UART-to-LCD.asm Fri Jul 22 14:25:15 2011

D:\Koptilnya\test UART-to-LCD\List\test UART-to-LCD.asm(1057): warning: Register r5 already defined by the .DEF directive
D:\Koptilnya\test UART-to-LCD\List\test UART-to-LCD.asm(1058): warning: Register r4 already defined by the .DEF directive
D:\Koptilnya\test UART-to-LCD\List\test UART-to-LCD.asm(1059): warning: Register r7 already defined by the .DEF directive
D:\Koptilnya\test UART-to-LCD\List\test UART-to-LCD.asm(1060): warning: Register r6 already defined by the .DEF directive
D:\Koptilnya\test UART-to-LCD\List\test UART-to-LCD.asm(1061): warning: Register r9 already defined by the .DEF directive
D:\Koptilnya\test UART-to-LCD\List\test UART-to-LCD.asm(1062): warning: Register r8 already defined by the .DEF directive
                 
                 
                 ;CodeVisionAVR C Compiler V2.05.0 Professional
                 ;(C) Copyright 1998-2010 Pavel Haiduc, HP InfoTech s.r.l.
                 ;http://www.hpinfotech.com
                 
                 ;Chip type                : ATmega8535
                 ;Program type             : Application
                 ;Clock frequency          : 8,000000 MHz
                 ;Memory model             : Small
                 ;Optimize for             : Size
                 ;(s)printf features       : int, width
                 ;(s)scanf features        : int, width
                 ;External RAM size        : 0
                 ;Data Stack size          : 128 byte(s)
                 ;Heap size                : 0 byte(s)
                 ;Promote 'char' to 'int'  : Yes
                 ;'char' is unsigned       : Yes
                 ;8 bit enums              : Yes
                 ;global 'const' stored in FLASH: Yes
                 ;Enhanced core instructions    : On
                 ;Smart register allocation     : On
                 ;Automatic register allocation : On
                 
                 	#pragma AVRPART ADMIN PART_NAME ATmega8535
                 	#pragma AVRPART MEMORY PROG_FLASH 8192
                 	#pragma AVRPART MEMORY EEPROM 512
                 	#pragma AVRPART MEMORY INT_SRAM SIZE 607
                 	#pragma AVRPART MEMORY INT_SRAM START_ADDR 0x60
                 
                 	.LISTMAC
                 	.EQU UDRE=0x5
                 	.EQU RXC=0x7
                 	.EQU USR=0xB
                 	.EQU UDR=0xC
                 	.EQU SPSR=0xE
                 	.EQU SPDR=0xF
                 	.EQU EERE=0x0
                 	.EQU EEWE=0x1
                 	.EQU EEMWE=0x2
                 	.EQU EECR=0x1C
                 	.EQU EEDR=0x1D
                 	.EQU EEARL=0x1E
                 	.EQU EEARH=0x1F
                 	.EQU WDTCR=0x21
                 	.EQU MCUCR=0x35
                 	.EQU GICR=0x3B
                 	.EQU SPL=0x3D
                 	.EQU SPH=0x3E
                 	.EQU SREG=0x3F
                 
                 	.DEF R0X0=R0
                 	.DEF R0X1=R1
                 	.DEF R0X2=R2
                 	.DEF R0X3=R3
                 	.DEF R0X4=R4
                 	.DEF R0X5=R5
                 	.DEF R0X6=R6
                 	.DEF R0X7=R7
                 	.DEF R0X8=R8
                 	.DEF R0X9=R9
                 	.DEF R0XA=R10
                 	.DEF R0XB=R11
                 	.DEF R0XC=R12
                 	.DEF R0XD=R13
                 	.DEF R0XE=R14
                 	.DEF R0XF=R15
                 	.DEF R0X10=R16
                 	.DEF R0X11=R17
                 	.DEF R0X12=R18
                 	.DEF R0X13=R19
                 	.DEF R0X14=R20
                 	.DEF R0X15=R21
                 	.DEF R0X16=R22
                 	.DEF R0X17=R23
                 	.DEF R0X18=R24
                 	.DEF R0X19=R25
                 	.DEF R0X1A=R26
                 	.DEF R0X1B=R27
                 	.DEF R0X1C=R28
                 	.DEF R0X1D=R29
                 	.DEF R0X1E=R30
                 	.DEF R0X1F=R31
                 
                 	.EQU __SRAM_START=0x0060
                 	.EQU __SRAM_END=0x025F
                 	.EQU __DSTACK_SIZE=0x0080
                 	.EQU __HEAP_SIZE=0x0000
                 	.EQU __CLEAR_SRAM_SIZE=__SRAM_END-__SRAM_START+1
                 
                 	.MACRO __CPD1N
                 	CPI  R30,LOW(@0)
                 	LDI  R26,HIGH(@0)
                 	CPC  R31,R26
                 	LDI  R26,BYTE3(@0)
                 	CPC  R22,R26
                 	LDI  R26,BYTE4(@0)
                 	CPC  R23,R26
                 	.ENDM
                 
                 	.MACRO __CPD2N
                 	CPI  R26,LOW(@0)
                 	LDI  R30,HIGH(@0)
                 	CPC  R27,R30
                 	LDI  R30,BYTE3(@0)
                 	CPC  R24,R30
                 	LDI  R30,BYTE4(@0)
                 	CPC  R25,R30
                 	.ENDM
                 
                 	.MACRO __CPWRR
                 	CP   R@0,R@2
                 	CPC  R@1,R@3
                 	.ENDM
                 
                 	.MACRO __CPWRN
                 	CPI  R@0,LOW(@2)
                 	LDI  R30,HIGH(@2)
                 	CPC  R@1,R30
                 	.ENDM
                 
                 	.MACRO __ADDB1MN
                 	SUBI R30,LOW(-@0-(@1))
                 	.ENDM
                 
                 	.MACRO __ADDB2MN
                 	SUBI R26,LOW(-@0-(@1))
                 	.ENDM
                 
                 	.MACRO __ADDW1MN
                 	SUBI R30,LOW(-@0-(@1))
                 	SBCI R31,HIGH(-@0-(@1))
                 	.ENDM
                 
                 	.MACRO __ADDW2MN
                 	SUBI R26,LOW(-@0-(@1))
                 	SBCI R27,HIGH(-@0-(@1))
                 	.ENDM
                 
                 	.MACRO __ADDW1FN
                 	SUBI R30,LOW(-2*@0-(@1))
                 	SBCI R31,HIGH(-2*@0-(@1))
                 	.ENDM
                 
                 	.MACRO __ADDD1FN
                 	SUBI R30,LOW(-2*@0-(@1))
                 	SBCI R31,HIGH(-2*@0-(@1))
                 	SBCI R22,BYTE3(-2*@0-(@1))
                 	.ENDM
                 
                 	.MACRO __ADDD1N
                 	SUBI R30,LOW(-@0)
                 	SBCI R31,HIGH(-@0)
                 	SBCI R22,BYTE3(-@0)
                 	SBCI R23,BYTE4(-@0)
                 	.ENDM
                 
                 	.MACRO __ADDD2N
                 	SUBI R26,LOW(-@0)
                 	SBCI R27,HIGH(-@0)
                 	SBCI R24,BYTE3(-@0)
                 	SBCI R25,BYTE4(-@0)
                 	.ENDM
                 
                 	.MACRO __SUBD1N
                 	SUBI R30,LOW(@0)
                 	SBCI R31,HIGH(@0)
                 	SBCI R22,BYTE3(@0)
                 	SBCI R23,BYTE4(@0)
                 	.ENDM
                 
                 	.MACRO __SUBD2N
                 	SUBI R26,LOW(@0)
                 	SBCI R27,HIGH(@0)
                 	SBCI R24,BYTE3(@0)
                 	SBCI R25,BYTE4(@0)
                 	.ENDM
                 
                 	.MACRO __ANDBMNN
                 	LDS  R30,@0+(@1)
                 	ANDI R30,LOW(@2)
                 	STS  @0+(@1),R30
                 	.ENDM
                 
                 	.MACRO __ANDWMNN
                 	LDS  R30,@0+(@1)
                 	ANDI R30,LOW(@2)
                 	STS  @0+(@1),R30
                 	LDS  R30,@0+(@1)+1
                 	ANDI R30,HIGH(@2)
                 	STS  @0+(@1)+1,R30
                 	.ENDM
                 
                 	.MACRO __ANDD1N
                 	ANDI R30,LOW(@0)
                 	ANDI R31,HIGH(@0)
                 	ANDI R22,BYTE3(@0)
                 	ANDI R23,BYTE4(@0)
                 	.ENDM
                 
                 	.MACRO __ANDD2N
                 	ANDI R26,LOW(@0)
                 	ANDI R27,HIGH(@0)
                 	ANDI R24,BYTE3(@0)
                 	ANDI R25,BYTE4(@0)
                 	.ENDM
                 
                 	.MACRO __ORBMNN
                 	LDS  R30,@0+(@1)
                 	ORI  R30,LOW(@2)
                 	STS  @0+(@1),R30
                 	.ENDM
                 
                 	.MACRO __ORWMNN
                 	LDS  R30,@0+(@1)
                 	ORI  R30,LOW(@2)
                 	STS  @0+(@1),R30
                 	LDS  R30,@0+(@1)+1
                 	ORI  R30,HIGH(@2)
                 	STS  @0+(@1)+1,R30
                 	.ENDM
                 
                 	.MACRO __ORD1N
                 	ORI  R30,LOW(@0)
                 	ORI  R31,HIGH(@0)
                 	ORI  R22,BYTE3(@0)
                 	ORI  R23,BYTE4(@0)
                 	.ENDM
                 
                 	.MACRO __ORD2N
                 	ORI  R26,LOW(@0)
                 	ORI  R27,HIGH(@0)
                 	ORI  R24,BYTE3(@0)
                 	ORI  R25,BYTE4(@0)
                 	.ENDM
                 
                 	.MACRO __DELAY_USB
                 	LDI  R24,LOW(@0)
                 __DELAY_USB_LOOP:
                 	DEC  R24
                 	BRNE __DELAY_USB_LOOP
                 	.ENDM
                 
                 	.MACRO __DELAY_USW
                 	LDI  R24,LOW(@0)
                 	LDI  R25,HIGH(@0)
                 __DELAY_USW_LOOP:
                 	SBIW R24,1
                 	BRNE __DELAY_USW_LOOP
                 	.ENDM
                 
                 	.MACRO __GETD1S
                 	LDD  R30,Y+@0
                 	LDD  R31,Y+@0+1
                 	LDD  R22,Y+@0+2
                 	LDD  R23,Y+@0+3
                 	.ENDM
                 
                 	.MACRO __GETD2S
                 	LDD  R26,Y+@0
                 	LDD  R27,Y+@0+1
                 	LDD  R24,Y+@0+2
                 	LDD  R25,Y+@0+3
                 	.ENDM
                 
                 	.MACRO __PUTD1S
                 	STD  Y+@0,R30
                 	STD  Y+@0+1,R31
                 	STD  Y+@0+2,R22
                 	STD  Y+@0+3,R23
                 	.ENDM
                 
                 	.MACRO __PUTD2S
                 	STD  Y+@0,R26
                 	STD  Y+@0+1,R27
                 	STD  Y+@0+2,R24
                 	STD  Y+@0+3,R25
                 	.ENDM
                 
                 	.MACRO __PUTDZ2
                 	STD  Z+@0,R26
                 	STD  Z+@0+1,R27
                 	STD  Z+@0+2,R24
                 	STD  Z+@0+3,R25
                 	.ENDM
                 
                 	.MACRO __CLRD1S
                 	STD  Y+@0,R30
                 	STD  Y+@0+1,R30
                 	STD  Y+@0+2,R30
                 	STD  Y+@0+3,R30
                 	.ENDM
                 
                 	.MACRO __POINTB1MN
                 	LDI  R30,LOW(@0+(@1))
                 	.ENDM
                 
                 	.MACRO __POINTW1MN
                 	LDI  R30,LOW(@0+(@1))
                 	LDI  R31,HIGH(@0+(@1))
                 	.ENDM
                 
                 	.MACRO __POINTD1M
                 	LDI  R30,LOW(@0)
                 	LDI  R31,HIGH(@0)
                 	LDI  R22,BYTE3(@0)
                 	LDI  R23,BYTE4(@0)
                 	.ENDM
                 
                 	.MACRO __POINTW1FN
                 	LDI  R30,LOW(2*@0+(@1))
                 	LDI  R31,HIGH(2*@0+(@1))
                 	.ENDM
                 
                 	.MACRO __POINTD1FN
                 	LDI  R30,LOW(2*@0+(@1))
                 	LDI  R31,HIGH(2*@0+(@1))
                 	LDI  R22,BYTE3(2*@0+(@1))
                 	LDI  R23,BYTE4(2*@0+(@1))
                 	.ENDM
                 
                 	.MACRO __POINTB2MN
                 	LDI  R26,LOW(@0+(@1))
                 	.ENDM
                 
                 	.MACRO __POINTW2MN
                 	LDI  R26,LOW(@0+(@1))
                 	LDI  R27,HIGH(@0+(@1))
                 	.ENDM
                 
                 	.MACRO __POINTBRM
                 	LDI  R@0,LOW(@1)
                 	.ENDM
                 
                 	.MACRO __POINTWRM
                 	LDI  R@0,LOW(@2)
                 	LDI  R@1,HIGH(@2)
                 	.ENDM
                 
                 	.MACRO __POINTBRMN
                 	LDI  R@0,LOW(@1+(@2))
                 	.ENDM
                 
                 	.MACRO __POINTWRMN
                 	LDI  R@0,LOW(@2+(@3))
                 	LDI  R@1,HIGH(@2+(@3))
                 	.ENDM
                 
                 	.MACRO __POINTWRFN
                 	LDI  R@0,LOW(@2*2+(@3))
                 	LDI  R@1,HIGH(@2*2+(@3))
                 	.ENDM
                 
                 	.MACRO __GETD1N
                 	LDI  R30,LOW(@0)
                 	LDI  R31,HIGH(@0)
                 	LDI  R22,BYTE3(@0)
                 	LDI  R23,BYTE4(@0)
                 	.ENDM
                 
                 	.MACRO __GETD2N
                 	LDI  R26,LOW(@0)
                 	LDI  R27,HIGH(@0)
                 	LDI  R24,BYTE3(@0)
                 	LDI  R25,BYTE4(@0)
                 	.ENDM
                 
                 	.MACRO __GETB1MN
                 	LDS  R30,@0+(@1)
                 	.ENDM
                 
                 	.MACRO __GETB1HMN
                 	LDS  R31,@0+(@1)
                 	.ENDM
                 
                 	.MACRO __GETW1MN
                 	LDS  R30,@0+(@1)
                 	LDS  R31,@0+(@1)+1
                 	.ENDM
                 
                 	.MACRO __GETD1MN
                 	LDS  R30,@0+(@1)
                 	LDS  R31,@0+(@1)+1
                 	LDS  R22,@0+(@1)+2
                 	LDS  R23,@0+(@1)+3
                 	.ENDM
                 
                 	.MACRO __GETBRMN
                 	LDS  R@0,@1+(@2)
                 	.ENDM
                 
                 	.MACRO __GETWRMN
                 	LDS  R@0,@2+(@3)
                 	LDS  R@1,@2+(@3)+1
                 	.ENDM
                 
                 	.MACRO __GETWRZ
                 	LDD  R@0,Z+@2
                 	LDD  R@1,Z+@2+1
                 	.ENDM
                 
                 	.MACRO __GETD2Z
                 	LDD  R26,Z+@0
                 	LDD  R27,Z+@0+1
                 	LDD  R24,Z+@0+2
                 	LDD  R25,Z+@0+3
                 	.ENDM
                 
                 	.MACRO __GETB2MN
                 	LDS  R26,@0+(@1)
                 	.ENDM
                 
                 	.MACRO __GETW2MN
                 	LDS  R26,@0+(@1)
                 	LDS  R27,@0+(@1)+1
                 	.ENDM
                 
                 	.MACRO __GETD2MN
                 	LDS  R26,@0+(@1)
                 	LDS  R27,@0+(@1)+1
                 	LDS  R24,@0+(@1)+2
                 	LDS  R25,@0+(@1)+3
                 	.ENDM
                 
                 	.MACRO __PUTB1MN
                 	STS  @0+(@1),R30
                 	.ENDM
                 
                 	.MACRO __PUTW1MN
                 	STS  @0+(@1),R30
                 	STS  @0+(@1)+1,R31
                 	.ENDM
                 
                 	.MACRO __PUTD1MN
                 	STS  @0+(@1),R30
                 	STS  @0+(@1)+1,R31
                 	STS  @0+(@1)+2,R22
                 	STS  @0+(@1)+3,R23
                 	.ENDM
                 
                 	.MACRO __PUTB1EN
                 	LDI  R26,LOW(@0+(@1))
                 	LDI  R27,HIGH(@0+(@1))
                 	RCALL __EEPROMWRB
                 	.ENDM
                 
                 	.MACRO __PUTW1EN
                 	LDI  R26,LOW(@0+(@1))
                 	LDI  R27,HIGH(@0+(@1))
                 	RCALL __EEPROMWRW
                 	.ENDM
                 
                 	.MACRO __PUTD1EN
                 	LDI  R26,LOW(@0+(@1))
                 	LDI  R27,HIGH(@0+(@1))
                 	RCALL __EEPROMWRD
                 	.ENDM
                 
                 	.MACRO __PUTBR0MN
                 	STS  @0+(@1),R0
                 	.ENDM
                 
                 	.MACRO __PUTBMRN
                 	STS  @0+(@1),R@2
                 	.ENDM
                 
                 	.MACRO __PUTWMRN
                 	STS  @0+(@1),R@2
                 	STS  @0+(@1)+1,R@3
                 	.ENDM
                 
                 	.MACRO __PUTBZR
                 	STD  Z+@1,R@0
                 	.ENDM
                 
                 	.MACRO __PUTWZR
                 	STD  Z+@2,R@0
                 	STD  Z+@2+1,R@1
                 	.ENDM
                 
                 	.MACRO __GETW1R
                 	MOV  R30,R@0
                 	MOV  R31,R@1
                 	.ENDM
                 
                 	.MACRO __GETW2R
                 	MOV  R26,R@0
                 	MOV  R27,R@1
                 	.ENDM
                 
                 	.MACRO __GETWRN
                 	LDI  R@0,LOW(@2)
                 	LDI  R@1,HIGH(@2)
                 	.ENDM
                 
                 	.MACRO __PUTW1R
                 	MOV  R@0,R30
                 	MOV  R@1,R31
                 	.ENDM
                 
                 	.MACRO __PUTW2R
                 	MOV  R@0,R26
                 	MOV  R@1,R27
                 	.ENDM
                 
                 	.MACRO __ADDWRN
                 	SUBI R@0,LOW(-@2)
                 	SBCI R@1,HIGH(-@2)
                 	.ENDM
                 
                 	.MACRO __ADDWRR
                 	ADD  R@0,R@2
                 	ADC  R@1,R@3
                 	.ENDM
                 
                 	.MACRO __SUBWRN
                 	SUBI R@0,LOW(@2)
                 	SBCI R@1,HIGH(@2)
                 	.ENDM
                 
                 	.MACRO __SUBWRR
                 	SUB  R@0,R@2
                 	SBC  R@1,R@3
                 	.ENDM
                 
                 	.MACRO __ANDWRN
                 	ANDI R@0,LOW(@2)
                 	ANDI R@1,HIGH(@2)
                 	.ENDM
                 
                 	.MACRO __ANDWRR
                 	AND  R@0,R@2
                 	AND  R@1,R@3
                 	.ENDM
                 
                 	.MACRO __ORWRN
                 	ORI  R@0,LOW(@2)
                 	ORI  R@1,HIGH(@2)
                 	.ENDM
                 
                 	.MACRO __ORWRR
                 	OR   R@0,R@2
                 	OR   R@1,R@3
                 	.ENDM
                 
                 	.MACRO __EORWRR
                 	EOR  R@0,R@2
                 	EOR  R@1,R@3
                 	.ENDM
                 
                 	.MACRO __GETWRS
                 	LDD  R@0,Y+@2
                 	LDD  R@1,Y+@2+1
                 	.ENDM
                 
                 	.MACRO __PUTBSR
                 	STD  Y+@1,R@0
                 	.ENDM
                 
                 	.MACRO __PUTWSR
                 	STD  Y+@2,R@0
                 	STD  Y+@2+1,R@1
                 	.ENDM
                 
                 	.MACRO __MOVEWRR
                 	MOV  R@0,R@2
                 	MOV  R@1,R@3
                 	.ENDM
                 
                 	.MACRO __INWR
                 	IN   R@0,@2
                 	IN   R@1,@2+1
                 	.ENDM
                 
                 	.MACRO __OUTWR
                 	OUT  @2+1,R@1
                 	OUT  @2,R@0
                 	.ENDM
                 
                 	.MACRO __CALL1MN
                 	LDS  R30,@0+(@1)
                 	LDS  R31,@0+(@1)+1
                 	ICALL
                 	.ENDM
                 
                 	.MACRO __CALL1FN
                 	LDI  R30,LOW(2*@0+(@1))
                 	LDI  R31,HIGH(2*@0+(@1))
                 	RCALL __GETW1PF
                 	ICALL
                 	.ENDM
                 
                 	.MACRO __CALL2EN
                 	LDI  R26,LOW(@0+(@1))
                 	LDI  R27,HIGH(@0+(@1))
                 	RCALL __EEPROMRDW
                 	ICALL
                 	.ENDM
                 
                 	.MACRO __GETW1STACK
                 	IN   R26,SPL
                 	IN   R27,SPH
                 	ADIW R26,@0+1
                 	LD   R30,X+
                 	LD   R31,X
                 	.ENDM
                 
                 	.MACRO __GETD1STACK
                 	IN   R26,SPL
                 	IN   R27,SPH
                 	ADIW R26,@0+1
                 	LD   R30,X+
                 	LD   R31,X+
                 	LD   R22,X
                 	.ENDM
                 
                 	.MACRO __NBST
                 	BST  R@0,@1
                 	IN   R30,SREG
                 	LDI  R31,0x40
                 	EOR  R30,R31
                 	OUT  SREG,R30
                 	.ENDM
                 
                 
                 	.MACRO __PUTB1SN
                 	LDD  R26,Y+@0
                 	LDD  R27,Y+@0+1
                 	SUBI R26,LOW(-@1)
                 	SBCI R27,HIGH(-@1)
                 	ST   X,R30
                 	.ENDM
                 
                 	.MACRO __PUTW1SN
                 	LDD  R26,Y+@0
                 	LDD  R27,Y+@0+1
                 	SUBI R26,LOW(-@1)
                 	SBCI R27,HIGH(-@1)
                 	ST   X+,R30
                 	ST   X,R31
                 	.ENDM
                 
                 	.MACRO __PUTD1SN
                 	LDD  R26,Y+@0
                 	LDD  R27,Y+@0+1
                 	SUBI R26,LOW(-@1)
                 	SBCI R27,HIGH(-@1)
                 	RCALL __PUTDP1
                 	.ENDM
                 
                 	.MACRO __PUTB1SNS
                 	LDD  R26,Y+@0
                 	LDD  R27,Y+@0+1
                 	ADIW R26,@1
                 	ST   X,R30
                 	.ENDM
                 
                 	.MACRO __PUTW1SNS
                 	LDD  R26,Y+@0
                 	LDD  R27,Y+@0+1
                 	ADIW R26,@1
                 	ST   X+,R30
                 	ST   X,R31
                 	.ENDM
                 
                 	.MACRO __PUTD1SNS
                 	LDD  R26,Y+@0
                 	LDD  R27,Y+@0+1
                 	ADIW R26,@1
                 	RCALL __PUTDP1
                 	.ENDM
                 
                 	.MACRO __PUTB1PMN
                 	LDS  R26,@0
                 	LDS  R27,@0+1
                 	SUBI R26,LOW(-@1)
                 	SBCI R27,HIGH(-@1)
                 	ST   X,R30
                 	.ENDM
                 
                 	.MACRO __PUTW1PMN
                 	LDS  R26,@0
                 	LDS  R27,@0+1
                 	SUBI R26,LOW(-@1)
                 	SBCI R27,HIGH(-@1)
                 	ST   X+,R30
                 	ST   X,R31
                 	.ENDM
                 
                 	.MACRO __PUTD1PMN
                 	LDS  R26,@0
                 	LDS  R27,@0+1
                 	SUBI R26,LOW(-@1)
                 	SBCI R27,HIGH(-@1)
                 	RCALL __PUTDP1
                 	.ENDM
                 
                 	.MACRO __PUTB1PMNS
                 	LDS  R26,@0
                 	LDS  R27,@0+1
                 	ADIW R26,@1
                 	ST   X,R30
                 	.ENDM
                 
                 	.MACRO __PUTW1PMNS
                 	LDS  R26,@0
                 	LDS  R27,@0+1
                 	ADIW R26,@1
                 	ST   X+,R30
                 	ST   X,R31
                 	.ENDM
                 
                 	.MACRO __PUTD1PMNS
                 	LDS  R26,@0
                 	LDS  R27,@0+1
                 	ADIW R26,@1
                 	RCALL __PUTDP1
                 	.ENDM
                 
                 	.MACRO __PUTB1RN
                 	MOVW R26,R@0
                 	SUBI R26,LOW(-@1)
                 	SBCI R27,HIGH(-@1)
                 	ST   X,R30
                 	.ENDM
                 
                 	.MACRO __PUTW1RN
                 	MOVW R26,R@0
                 	SUBI R26,LOW(-@1)
                 	SBCI R27,HIGH(-@1)
                 	ST   X+,R30
                 	ST   X,R31
                 	.ENDM
                 
                 	.MACRO __PUTD1RN
                 	MOVW R26,R@0
                 	SUBI R26,LOW(-@1)
                 	SBCI R27,HIGH(-@1)
                 	RCALL __PUTDP1
                 	.ENDM
                 
                 	.MACRO __PUTB1RNS
                 	MOVW R26,R@0
                 	ADIW R26,@1
                 	ST   X,R30
                 	.ENDM
                 
                 	.MACRO __PUTW1RNS
                 	MOVW R26,R@0
                 	ADIW R26,@1
                 	ST   X+,R30
                 	ST   X,R31
                 	.ENDM
                 
                 	.MACRO __PUTD1RNS
                 	MOVW R26,R@0
                 	ADIW R26,@1
                 	RCALL __PUTDP1
                 	.ENDM
                 
                 	.MACRO __PUTB1RON
                 	MOV  R26,R@0
                 	MOV  R27,R@1
                 	SUBI R26,LOW(-@2)
                 	SBCI R27,HIGH(-@2)
                 	ST   X,R30
                 	.ENDM
                 
                 	.MACRO __PUTW1RON
                 	MOV  R26,R@0
                 	MOV  R27,R@1
                 	SUBI R26,LOW(-@2)
                 	SBCI R27,HIGH(-@2)
                 	ST   X+,R30
                 	ST   X,R31
                 	.ENDM
                 
                 	.MACRO __PUTD1RON
                 	MOV  R26,R@0
                 	MOV  R27,R@1
                 	SUBI R26,LOW(-@2)
                 	SBCI R27,HIGH(-@2)
                 	RCALL __PUTDP1
                 	.ENDM
                 
                 	.MACRO __PUTB1RONS
                 	MOV  R26,R@0
                 	MOV  R27,R@1
                 	ADIW R26,@2
                 	ST   X,R30
                 	.ENDM
                 
                 	.MACRO __PUTW1RONS
                 	MOV  R26,R@0
                 	MOV  R27,R@1
                 	ADIW R26,@2
                 	ST   X+,R30
                 	ST   X,R31
                 	.ENDM
                 
                 	.MACRO __PUTD1RONS
                 	MOV  R26,R@0
                 	MOV  R27,R@1
                 	ADIW R26,@2
                 	RCALL __PUTDP1
                 	.ENDM
                 
                 
                 	.MACRO __GETB1SX
                 	MOVW R30,R28
                 	SUBI R30,LOW(-@0)
                 	SBCI R31,HIGH(-@0)
                 	LD   R30,Z
                 	.ENDM
                 
                 	.MACRO __GETB1HSX
                 	MOVW R30,R28
                 	SUBI R30,LOW(-@0)
                 	SBCI R31,HIGH(-@0)
                 	LD   R31,Z
                 	.ENDM
                 
                 	.MACRO __GETW1SX
                 	MOVW R30,R28
                 	SUBI R30,LOW(-@0)
                 	SBCI R31,HIGH(-@0)
                 	LD   R0,Z+
                 	LD   R31,Z
                 	MOV  R30,R0
                 	.ENDM
                 
                 	.MACRO __GETD1SX
                 	MOVW R30,R28
                 	SUBI R30,LOW(-@0)
                 	SBCI R31,HIGH(-@0)
                 	LD   R0,Z+
                 	LD   R1,Z+
                 	LD   R22,Z+
                 	LD   R23,Z
                 	MOVW R30,R0
                 	.ENDM
                 
                 	.MACRO __GETB2SX
                 	MOVW R26,R28
                 	SUBI R26,LOW(-@0)
                 	SBCI R27,HIGH(-@0)
                 	LD   R26,X
                 	.ENDM
                 
                 	.MACRO __GETW2SX
                 	MOVW R26,R28
                 	SUBI R26,LOW(-@0)
                 	SBCI R27,HIGH(-@0)
                 	LD   R0,X+
                 	LD   R27,X
                 	MOV  R26,R0
                 	.ENDM
                 
                 	.MACRO __GETD2SX
                 	MOVW R26,R28
                 	SUBI R26,LOW(-@0)
                 	SBCI R27,HIGH(-@0)
                 	LD   R0,X+
                 	LD   R1,X+
                 	LD   R24,X+
                 	LD   R25,X
                 	MOVW R26,R0
                 	.ENDM
                 
                 	.MACRO __GETBRSX
                 	MOVW R30,R28
                 	SUBI R30,LOW(-@1)
                 	SBCI R31,HIGH(-@1)
                 	LD   R@0,Z
                 	.ENDM
                 
                 	.MACRO __GETWRSX
                 	MOVW R30,R28
                 	SUBI R30,LOW(-@2)
                 	SBCI R31,HIGH(-@2)
                 	LD   R@0,Z+
                 	LD   R@1,Z
                 	.ENDM
                 
                 	.MACRO __GETBRSX2
                 	MOVW R26,R28
                 	SUBI R26,LOW(-@1)
                 	SBCI R27,HIGH(-@1)
                 	LD   R@0,X
                 	.ENDM
                 
                 	.MACRO __GETWRSX2
                 	MOVW R26,R28
                 	SUBI R26,LOW(-@2)
                 	SBCI R27,HIGH(-@2)
                 	LD   R@0,X+
                 	LD   R@1,X
                 	.ENDM
                 
                 	.MACRO __LSLW8SX
                 	MOVW R30,R28
                 	SUBI R30,LOW(-@0)
                 	SBCI R31,HIGH(-@0)
                 	LD   R31,Z
                 	CLR  R30
                 	.ENDM
                 
                 	.MACRO __PUTB1SX
                 	MOVW R26,R28
                 	SUBI R26,LOW(-@0)
                 	SBCI R27,HIGH(-@0)
                 	ST   X,R30
                 	.ENDM
                 
                 	.MACRO __PUTW1SX
                 	MOVW R26,R28
                 	SUBI R26,LOW(-@0)
                 	SBCI R27,HIGH(-@0)
                 	ST   X+,R30
                 	ST   X,R31
                 	.ENDM
                 
                 	.MACRO __PUTD1SX
                 	MOVW R26,R28
                 	SUBI R26,LOW(-@0)
                 	SBCI R27,HIGH(-@0)
                 	ST   X+,R30
                 	ST   X+,R31
                 	ST   X+,R22
                 	ST   X,R23
                 	.ENDM
                 
                 	.MACRO __CLRW1SX
                 	MOVW R26,R28
                 	SUBI R26,LOW(-@0)
                 	SBCI R27,HIGH(-@0)
                 	ST   X+,R30
                 	ST   X,R30
                 	.ENDM
                 
                 	.MACRO __CLRD1SX
                 	MOVW R26,R28
                 	SUBI R26,LOW(-@0)
                 	SBCI R27,HIGH(-@0)
                 	ST   X+,R30
                 	ST   X+,R30
                 	ST   X+,R30
                 	ST   X,R30
                 	.ENDM
                 
                 	.MACRO __PUTB2SX
                 	MOVW R30,R28
                 	SUBI R30,LOW(-@0)
                 	SBCI R31,HIGH(-@0)
                 	ST   Z,R26
                 	.ENDM
                 
                 	.MACRO __PUTW2SX
                 	MOVW R30,R28
                 	SUBI R30,LOW(-@0)
                 	SBCI R31,HIGH(-@0)
                 	ST   Z+,R26
                 	ST   Z,R27
                 	.ENDM
                 
                 	.MACRO __PUTD2SX
                 	MOVW R30,R28
                 	SUBI R30,LOW(-@0)
                 	SBCI R31,HIGH(-@0)
                 	ST   Z+,R26
                 	ST   Z+,R27
                 	ST   Z+,R24
                 	ST   Z,R25
                 	.ENDM
                 
                 	.MACRO __PUTBSRX
                 	MOVW R30,R28
                 	SUBI R30,LOW(-@1)
                 	SBCI R31,HIGH(-@1)
                 	ST   Z,R@0
                 	.ENDM
                 
                 	.MACRO __PUTWSRX
                 	MOVW R30,R28
                 	SUBI R30,LOW(-@2)
                 	SBCI R31,HIGH(-@2)
                 	ST   Z+,R@0
                 	ST   Z,R@1
                 	.ENDM
                 
                 	.MACRO __PUTB1SNX
                 	MOVW R26,R28
                 	SUBI R26,LOW(-@0)
                 	SBCI R27,HIGH(-@0)
                 	LD   R0,X+
                 	LD   R27,X
                 	MOV  R26,R0
                 	SUBI R26,LOW(-@1)
                 	SBCI R27,HIGH(-@1)
                 	ST   X,R30
                 	.ENDM
                 
                 	.MACRO __PUTW1SNX
                 	MOVW R26,R28
                 	SUBI R26,LOW(-@0)
                 	SBCI R27,HIGH(-@0)
                 	LD   R0,X+
                 	LD   R27,X
                 	MOV  R26,R0
                 	SUBI R26,LOW(-@1)
                 	SBCI R27,HIGH(-@1)
                 	ST   X+,R30
                 	ST   X,R31
                 	.ENDM
                 
                 	.MACRO __PUTD1SNX
                 	MOVW R26,R28
                 	SUBI R26,LOW(-@0)
                 	SBCI R27,HIGH(-@0)
                 	LD   R0,X+
                 	LD   R27,X
                 	MOV  R26,R0
                 	SUBI R26,LOW(-@1)
                 	SBCI R27,HIGH(-@1)
                 	ST   X+,R30
                 	ST   X+,R31
                 	ST   X+,R22
                 	ST   X,R23
                 	.ENDM
                 
                 	.MACRO __MULBRR
                 	MULS R@0,R@1
                 	MOVW R30,R0
                 	.ENDM
                 
                 	.MACRO __MULBRRU
                 	MUL  R@0,R@1
                 	MOVW R30,R0
                 	.ENDM
                 
                 	.MACRO __MULBRR0
                 	MULS R@0,R@1
                 	.ENDM
                 
                 	.MACRO __MULBRRU0
                 	MUL  R@0,R@1
                 	.ENDM
                 
                 	.MACRO __MULBNWRU
                 	LDI  R26,@2
                 	MUL  R26,R@0
                 	MOVW R30,R0
                 	MUL  R26,R@1
                 	ADD  R31,R0
                 	.ENDM
                 
                 ;NAME DEFINITIONS FOR GLOBAL VARIABLES ALLOCATED TO REGISTERS
                 	.DEF _rx_wr_index=R5
                 	.DEF _rx_rd_index=R4
                 	.DEF _rx_counter=R7
                 	.DEF __lcd_x=R6
                 	.DEF __lcd_y=R9
                 	.DEF __lcd_maxx=R8
                 
                 	.CSEG
                 	.ORG 0x00
                 
                 ;START OF CODE MARKER
                 __START_OF_CODE:
                 
                 ;INTERRUPT VECTORS
000000 c038      	RJMP __RESET
000001 cffe      	RJMP 0x00
000002 cffd      	RJMP 0x00
000003 cffc      	RJMP 0x00
000004 cffb      	RJMP 0x00
000005 cffa      	RJMP 0x00
000006 c084      	RJMP _timer1_compa_isr
000007 cff8      	RJMP 0x00
000008 cff7      	RJMP 0x00
000009 cff6      	RJMP 0x00
00000a cff5      	RJMP 0x00
00000b c05c      	RJMP _usart_rx_isr
00000c cff3      	RJMP 0x00
00000d cff2      	RJMP 0x00
00000e cff1      	RJMP 0x00
00000f cff0      	RJMP 0x00
000010 cfef      	RJMP 0x00
000011 cfee      	RJMP 0x00
000012 cfed      	RJMP 0x00
000013 cfec      	RJMP 0x00
000014 cfeb      	RJMP 0x00
                 
                 _tbl10_G100:
000015 2710
000016 03e8
000017 0064
000018 000a      	.DB  0x10,0x27,0xE8,0x3,0x64,0x0,0xA,0x0
000019 0001      	.DB  0x1,0x0
                 _tbl16_G100:
00001a 1000
00001b 0100
00001c 0010
00001d 0001      	.DB  0x0,0x10,0x0,0x1,0x10,0x0,0x1,0x0
                 
                 ;REGISTER BIT VARIABLES INITIALIZATION
                 __REG_BIT_VARS:
00001e 0000      	.DW  0x0000
                 
                 _0x0:
00001f 4152
000020 4f5a
000021 5247
000022 5645      	.DB  0x52,0x41,0x5A,0x4F,0x47,0x52,0x45,0x56
000023 2500
000024 2563
000025 3a63
000026 6325      	.DB  0x0,0x25,0x63,0x25,0x63,0x3A,0x25,0x63
000027 6325
000028 253a
000029 2563
00002a 2063      	.DB  0x25,0x63,0x3A,0x25,0x63,0x25,0x63,0x20
00002b 3d54
00002c 6325
00002d 6325
00002e 6325      	.DB  0x54,0x3D,0x25,0x63,0x25,0x63,0x25,0x63
00002f 4320
D:\Koptilnya\test UART-to-LCD\List\test UART-to-LCD.asm(1108): warning: .cseg .db misalignment - padding zero byte
000030 0000      	.DB  0x20,0x43,0x0
                 _0x2020003:
000031 c080      	.DB  0x80,0xC0
                 
                 __GLOBAL_INI_TBL:
000032 0001      	.DW  0x01
000033 0002      	.DW  0x02
000034 003c      	.DW  __REG_BIT_VARS*2
                 
000035 0002      	.DW  0x02
000036 010c      	.DW  __base_y_G101
000037 0062      	.DW  _0x2020003*2
                 
                 _0xFFFFFFFF:
000038 0000      	.DW  0
                 
                 __RESET:
000039 94f8      	CLI
00003a 27ee      	CLR  R30
00003b bbec      	OUT  EECR,R30
                 
                 ;INTERRUPT VECTORS ARE PLACED
                 ;AT THE START OF FLASH
00003c e0f1      	LDI  R31,1
00003d bffb      	OUT  GICR,R31
00003e bfeb      	OUT  GICR,R30
00003f bfe5      	OUT  MCUCR,R30
                 
                 ;DISABLE WATCHDOG
000040 e1f8      	LDI  R31,0x18
000041 bdf1      	OUT  WDTCR,R31
000042 bde1      	OUT  WDTCR,R30
                 
                 ;CLEAR R2-R14
000043 e08d      	LDI  R24,(14-2)+1
000044 e0a2      	LDI  R26,2
000045 27bb      	CLR  R27
                 __CLEAR_REG:
000046 93ed      	ST   X+,R30
000047 958a      	DEC  R24
000048 f7e9      	BRNE __CLEAR_REG
                 
                 ;CLEAR SRAM
000049 e080      	LDI  R24,LOW(__CLEAR_SRAM_SIZE)
00004a e092      	LDI  R25,HIGH(__CLEAR_SRAM_SIZE)
00004b e6a0      	LDI  R26,__SRAM_START
                 __CLEAR_SRAM:
00004c 93ed      	ST   X+,R30
00004d 9701      	SBIW R24,1
00004e f7e9      	BRNE __CLEAR_SRAM
                 
                 ;GLOBAL VARIABLES INITIALIZATION
00004f e6e4      	LDI  R30,LOW(__GLOBAL_INI_TBL*2)
000050 e0f0      	LDI  R31,HIGH(__GLOBAL_INI_TBL*2)
                 __GLOBAL_INI_NEXT:
000051 9185      	LPM  R24,Z+
000052 9195      	LPM  R25,Z+
000053 9700      	SBIW R24,0
000054 f061      	BREQ __GLOBAL_INI_END
000055 91a5      	LPM  R26,Z+
000056 91b5      	LPM  R27,Z+
000057 9005      	LPM  R0,Z+
000058 9015      	LPM  R1,Z+
000059 01bf      	MOVW R22,R30
00005a 01f0      	MOVW R30,R0
                 __GLOBAL_INI_LOOP:
00005b 9005      	LPM  R0,Z+
00005c 920d      	ST   X+,R0
00005d 9701      	SBIW R24,1
00005e f7e1      	BRNE __GLOBAL_INI_LOOP
00005f 01fb      	MOVW R30,R22
000060 cff0      	RJMP __GLOBAL_INI_NEXT
                 __GLOBAL_INI_END:
                 
                 ;HARDWARE STACK POINTER INITIALIZATION
000061 e5ef      	LDI  R30,LOW(__SRAM_END-__HEAP_SIZE)
000062 bfed      	OUT  SPL,R30
000063 e0e2      	LDI  R30,HIGH(__SRAM_END-__HEAP_SIZE)
000064 bfee      	OUT  SPH,R30
                 
                 ;DATA STACK POINTER INITIALIZATION
000065 eec0      	LDI  R28,LOW(__SRAM_START+__DSTACK_SIZE)
000066 e0d0      	LDI  R29,HIGH(__SRAM_START+__DSTACK_SIZE)
                 
000067 c053      	RJMP _main
                 
                 	.ESEG
                 	.ORG 0
                 
                 	.DSEG
                 	.ORG 0xE0
                 
                 	.CSEG
                 ;/*****************************************************
                 ;CodeWizardAVR V2.05.0 Professional
                 ;Project : Koptilnya
                 ;Version : 1
                 ;Date    : 14.07.2011
                 ;
                 ;Chip type               : ATmega8535
                 ;AVR Core Clock frequency: 7,813000 MHz
                 ;*****************************************************/
                 ;// Standard Input/Output functions
                 ;#include <mega8535.h>
                 	#ifndef __SLEEP_DEFINED__
                 	#define __SLEEP_DEFINED__
                 	.EQU __se_bit=0x40
                 	.EQU __sm_mask=0xB0
                 	.EQU __sm_powerdown=0x20
                 	.EQU __sm_powersave=0x30
                 	.EQU __sm_standby=0xA0
                 	.EQU __sm_ext_standby=0xB0
                 	.EQU __sm_adc_noise_red=0x10
                 	.SET power_ctrl_reg=mcucr
                 	#endif
                 ;#include <stdio.h>
                 ;#include <delay.h>
                 ;
                 ;// Alphanumeric LCD Module functions
                 ;//Инициализация экрана
                 ;#asm
                   .equ __lcd_port=0x18 ;PORTB
                 ; 0000 0013 #endasm
                 ;#include <lcd.h>
                 ;
                 ;//=================================
                 ;#ifndef RXB8
                 ;#define RXB8 1
                 ;#endif
                 ;
                 ;#ifndef TXB8
                 ;#define TXB8 0
                 ;#endif
                 ;
                 ;#ifndef UPE
                 ;#define UPE 2
                 ;#endif
                 ;
                 ;#ifndef DOR
                 ;#define DOR 3
                 ;#endif
                 ;
                 ;#ifndef FE
                 ;#define FE 4
                 ;#endif
                 ;
                 ;#ifndef UDRE
                 ;#define UDRE 5
                 ;#endif
                 ;
                 ;#ifndef RXC
                 ;#define RXC 7
                 ;#endif
                 ;
                 ;#define FRAMING_ERROR       (1<<FE)
                 ;#define PARITY_ERROR        (1<<UPE)
                 ;#define DATA_OVERRUN        (1<<DOR)
                 ;#define DATA_REGISTER_EMPTY (1<<UDRE)
                 ;#define RX_COMPLETE         (1<<RXC)
                 ;
                 ;#define _DEBUG_TERMINAL_IO_
                 ;
                 ;// USART Receiver buffer
                 ;#define RX_BUFFER_SIZE 8
                 ;char rx_buffer[RX_BUFFER_SIZE];
                 ;
                 ;unsigned char rx_wr_index,rx_rd_index,rx_counter;
                 ;
                 ;// This flag is set on USART Receiver buffer overflow
                 ;bit rx_buffer_overflow;
                 ;
                 ;//===================================================================
                 ;// USART Receiver interrupt service routine
                 ;interrupt [USART_RXC] void usart_rx_isr(void)
                 ; 0000 0047 {
                 
                 	.CSEG
                 _usart_rx_isr:
000068 93ea      	ST   -Y,R30
000069 93fa      	ST   -Y,R31
00006a b7ef      	IN   R30,SREG
00006b 93ea      	ST   -Y,R30
                 ; 0000 0048 char status,data;
                 ; 0000 0049 
                 ; 0000 004A #asm("cli")
00006c d3c3      	RCALL __SAVELOCR2
                 ;	status -> R17
                 ;	data -> R16
00006d 94f8      	cli
                 ; 0000 004B 
                 ; 0000 004C status=UCSRA;
00006e b11b      	IN   R17,11
                 ; 0000 004D data=UDR;
00006f b10c      	IN   R16,12
                 ; 0000 004E if ((status & (FRAMING_ERROR | PARITY_ERROR | DATA_OVERRUN))==0)
000070 2fe1      	MOV  R30,R17
000071 71ec      	ANDI R30,LOW(0x1C)
000072 f489      	BRNE _0x3
                 ; 0000 004F     {
                 ; 0000 0050         rx_buffer[rx_wr_index++]=data;
000073 2de5      	MOV  R30,R5
000074 9453      	INC  R5
000075 e0f0      	LDI  R31,0
000076 52e0      	SUBI R30,LOW(-_rx_buffer)
000077 4fff      	SBCI R31,HIGH(-_rx_buffer)
000078 8300      	ST   Z,R16
                 ; 0000 0051 
                 ; 0000 0052         if (rx_wr_index == RX_BUFFER_SIZE) rx_wr_index=0;
000079 e0e8      	LDI  R30,LOW(8)
00007a 15e5      	CP   R30,R5
00007b f409      	BRNE _0x4
00007c 2455      	CLR  R5
                 ; 0000 0053         if (++rx_counter == RX_BUFFER_SIZE)
                 _0x4:
00007d 9473      	INC  R7
00007e e0e8      	LDI  R30,LOW(8)
00007f 15e7      	CP   R30,R7
000080 f419      	BRNE _0x5
                 ; 0000 0054         {
                 ; 0000 0055             rx_counter=0;
000081 2477      	CLR  R7
                 ; 0000 0056             rx_buffer_overflow=1;
000082 9468      	SET
000083 f820      	BLD  R2,0
                 ; 0000 0057         }
                 ; 0000 0058     }
                 _0x5:
                 ; 0000 0059 #asm("sei")
                 _0x3:
000084 9478      	sei
                 ; 0000 005A }
000085 d3b4      	RCALL __LOADLOCR2P
000086 91e9      	LD   R30,Y+
000087 bfef      	OUT  SREG,R30
000088 91f9      	LD   R31,Y+
000089 91e9      	LD   R30,Y+
00008a 9518      	RETI
                 ;
                 ;#ifndef _DEBUG_TERMINAL_IO_
                 ;// Get a character from the USART Receiver buffer
                 ;#define _ALTERNATE_GETCHAR_
                 ;
                 ;#pragma used+
                 ;
                 ;char getchar(void)
                 ;{
                 ;    char data;
                 ;    while (rx_counter==0);
                 ;    data=rx_buffer[rx_rd_index++];
                 ;
                 ;    #asm("cli")
                 ;    --rx_counter;
                 ;    #asm("sei")
                 ;    return data;
                 ;}
                 ;
                 ;#pragma used-
                 ;#endif
                 ;
                 ;//порты обозначения кнопок
                 ;#define kn_vverh            PINC.0
                 ;#define kn_vniz             PINC.1
                 ;#define kn_vpravo           PINC.2
                 ;#define kn_vlevo            PINC.3
                 ;#define kn_ENTER            PINC.4
                 ;#define kn_ESC              PINC.5
                 ;//==========================================================================
                 ;// Глобальные переменные
                 ;//volatile unsigned char t_max_razogrev     = 115;    // максимальная температура разогрева, в градусах Цельсия
                 ;//volatile unsigned char t_max_rabochee     = 75;     // максимальная температура работы, в градусах Цельсия
                 ;//volatile unsigned char t_min_razogrev     = 105;    // минимальная  температура разогрева, в градусах Цельсия
                 ;//volatile unsigned char t_min_rabochee     = 65;     // минимальная температура работы, в градусах Цельсия
                 ;
                 ;volatile unsigned char real_temp;                   // текущая температура
                 ;
                 ;//volatile unsigned char time_rabota_ch     = 4;      // время работы, измеряется в часах
                 ;//volatile unsigned char time_rabota_min    = 30;     // время работы, измеряется в минутах
                 ;//volatile unsigned char time_smoke_ch      = 0;      // время работы вытяжки, задается в часах
                 ;//volatile unsigned char time_smoke_min     = 10;     // время работы вытяжки, задается в минутах
                 ;
                 ;volatile unsigned char real_time_ch       = 0;      // текущее время работы в часах
                 ;volatile unsigned char real_time_min      = 0;      // текущее время работы в минутах
                 ;volatile unsigned char real_time_sek      = 0;      // текущее время работы в минутах
                 ;
                 ;\\volatile unsigned char regim_rabot        = 1;      // состояние режим работы
                 ;\\volatile unsigned char regim_rabot_work   = 1;      // предыдущее состояние режима работы
                 ;
                 ;//unsigned char time_migat                = 100;    // время мигания при выборе значения, задается в мс.
                 ;//unsigned char zadergka_pri_nagatii        = 100;    // задержка при нажатии кнопки
                 ;//unsigned char zadergka_zastavka           = 200;    // время показа заставки
                 ;
                 ;volatile char lcd_str_1[16];
                 ;volatile char lcd_str_2[16];
                 ;
                 ;//=============================================================================
                 ;// Объявление без задания функций. (для обеспечения компиляции)
                 ;\\void video(void);
                 ;
                 ;\\unsigned char read_temp();
                 ;
                 ;//=============================================================================
                 ;// прерывание ежесекундного (или 0,2 секундного таймера)
                 ;interrupt [TIM1_COMPA] void timer1_compa_isr(void)
                 ; 0000 009D {
                 _timer1_compa_isr:
00008b 93aa      	ST   -Y,R26
00008c 93ea      	ST   -Y,R30
00008d b7ef      	IN   R30,SREG
00008e 93ea      	ST   -Y,R30
                 ; 0000 009E     #asm("cli")
00008f 94f8      	cli
                 ; 0000 009F 
                 ; 0000 00A0     TCNT1H=0;
000090 d2de      	RCALL SUBOPT_0x0
                 ; 0000 00A1     TCNT1L=0;
                 ; 0000 00A2 
                 ; 0000 00A3     real_time_sek++;
000091 91e0 00eb 	LDS  R30,_real_time_sek
000093 5fef      	SUBI R30,-LOW(1)
000094 93e0 00eb 	STS  _real_time_sek,R30
                 ; 0000 00A4   	if (real_time_sek == 60) real_time_min++,	real_time_sek =0 ;
000096 91a0 00eb 	LDS  R26,_real_time_sek
000098 33ac      	CPI  R26,LOW(0x3C)
000099 f441      	BRNE _0x6
00009a 91e0 00ea 	LDS  R30,_real_time_min
00009c 5fef      	SUBI R30,-LOW(1)
00009d 93e0 00ea 	STS  _real_time_min,R30
00009f e0e0      	LDI  R30,LOW(0)
0000a0 93e0 00eb 	STS  _real_time_sek,R30
                 ; 0000 00A5 	if (real_time_min == 60) real_time_ch++,	real_time_min =0 ;
                 _0x6:
0000a2 91a0 00ea 	LDS  R26,_real_time_min
0000a4 33ac      	CPI  R26,LOW(0x3C)
0000a5 f441      	BRNE _0x7
0000a6 91e0 00e9 	LDS  R30,_real_time_ch
0000a8 5fef      	SUBI R30,-LOW(1)
0000a9 93e0 00e9 	STS  _real_time_ch,R30
0000ab e0e0      	LDI  R30,LOW(0)
0000ac 93e0 00ea 	STS  _real_time_min,R30
                 ; 0000 00A6 	if (real_time_ch  == 24) real_time_ch=0;
                 _0x7:
0000ae 91a0 00e9 	LDS  R26,_real_time_ch
0000b0 31a8      	CPI  R26,LOW(0x18)
0000b1 f419      	BRNE _0x8
0000b2 e0e0      	LDI  R30,LOW(0)
0000b3 93e0 00e9 	STS  _real_time_ch,R30
                 ; 0000 00A7 
                 ; 0000 00A8     #asm("sei")
                 _0x8:
0000b5 9478      	sei
                 ; 0000 00A9 }
0000b6 91e9      	LD   R30,Y+
0000b7 bfef      	OUT  SREG,R30
0000b8 91e9      	LD   R30,Y+
0000b9 91a9      	LD   R26,Y+
0000ba 9518      	RETI
                 ;
                 ;//=================================================
                 ;/*
                 ;unsigned char read_temp()
                 ;{
                 ;    unsigned char n,t;
                 ;
                 ;    for (n=0; n<5 ; n++)
                 ;    {
                 ;        if (getchar()=='#')
                 ;        {
                 ;
                 ;            t=0;
                 ;
                 ;            t = getchar()*100;
                 ;            t = real_temp + getchar()*10;
                 ;            t = real_temp + getchar();
                 ;
                 ;            return t;
                 ;
                 ;        };
                 ;    };
                 ;    return 0;
                 ;}
                 ;*/
                 ;
                 ;void main(void)
                 ; 0000 00C5 {
                 _main:
                 ; 0000 00C6 //=================================================
                 ; 0000 00C7 // Input/Output Ports initialization
                 ; 0000 00C8 // Port A initialization
                 ; 0000 00C9     PORTA=0x00;
0000bb e0e0      	LDI  R30,LOW(0)
0000bc bbeb      	OUT  0x1B,R30
                 ; 0000 00CA     DDRA=0xFF;
0000bd efef      	LDI  R30,LOW(255)
0000be bbea      	OUT  0x1A,R30
                 ; 0000 00CB // Port B initialization
                 ; 0000 00CC     PORTB=0x00;
0000bf e0e0      	LDI  R30,LOW(0)
0000c0 bbe8      	OUT  0x18,R30
                 ; 0000 00CD     DDRB=0x00;
0000c1 bbe7      	OUT  0x17,R30
                 ; 0000 00CE // Инициализация порта клавиатуры.
                 ; 0000 00CF // Port C initialization
                 ; 0000 00D0     PORTC=0xFF;         // вкл. подтягивающие резисторы
0000c2 efef      	LDI  R30,LOW(255)
0000c3 bbe5      	OUT  0x15,R30
                 ; 0000 00D1     DDRC=0x00;          // весь порт как вход
0000c4 e0e0      	LDI  R30,LOW(0)
0000c5 bbe4      	OUT  0x14,R30
                 ; 0000 00D2 
                 ; 0000 00D3 // Timer/Counter 1 initialization
                 ; 0000 00D4 // Clock source: System Clock
                 ; 0000 00D5 // Clock value: 7,813 kHz
                 ; 0000 00D6 // Mode: Normal top=FFFFh
                 ; 0000 00D7 // OC1A output: Discon.
                 ; 0000 00D8 // OC1B output: Discon.
                 ; 0000 00D9 // Noise Canceler: Off
                 ; 0000 00DA // Input Capture on Falling Edge
                 ; 0000 00DB // Timer 1 Overflow Interrupt: Off
                 ; 0000 00DC // Input Capture Interrupt: Off
                 ; 0000 00DD // Compare A Match Interrupt: On
                 ; 0000 00DE // Compare B Match Interrupt: Off
                 ; 0000 00DF     TCCR1A=0x00;
0000c6 bdef      	OUT  0x2F,R30
                 ; 0000 00E0     TCCR1B=0x05;
0000c7 e0e5      	LDI  R30,LOW(5)
0000c8 bdee      	OUT  0x2E,R30
                 ; 0000 00E1     TCNT1H=0x00;
0000c9 d2a5      	RCALL SUBOPT_0x0
                 ; 0000 00E2     TCNT1L=0x00;
                 ; 0000 00E3     ICR1H=0x00;
0000ca e0e0      	LDI  R30,LOW(0)
0000cb bde7      	OUT  0x27,R30
                 ; 0000 00E4     ICR1L=0x00;
0000cc bde6      	OUT  0x26,R30
                 ; 0000 00E5     OCR1AH=0x1E;
0000cd e1ee      	LDI  R30,LOW(30)
0000ce bdeb      	OUT  0x2B,R30
                 ; 0000 00E6     OCR1AL=0x85;
0000cf e8e5      	LDI  R30,LOW(133)
0000d0 bdea      	OUT  0x2A,R30
                 ; 0000 00E7     OCR1BH=0x00;
0000d1 e0e0      	LDI  R30,LOW(0)
0000d2 bde9      	OUT  0x29,R30
                 ; 0000 00E8     OCR1BL=0x00;
0000d3 bde8      	OUT  0x28,R30
                 ; 0000 00E9 
                 ; 0000 00EA // Timer(s)/Counter(s) Interrupt(s) initialization
                 ; 0000 00EB     TIMSK=0x10;
0000d4 e1e0      	LDI  R30,LOW(16)
0000d5 bfe9      	OUT  0x39,R30
                 ; 0000 00EC 
                 ; 0000 00ED //=================================================
                 ; 0000 00EE // USART initialization
                 ; 0000 00EF // Communication Parameters: 8 Data, 1 Stop, No Parity
                 ; 0000 00F0 // USART Receiver: On
                 ; 0000 00F1 // USART Transmitter: On
                 ; 0000 00F2 // USART Mode: Asynchronous
                 ; 0000 00F3 // USART Baud Rate: 38400
                 ; 0000 00F4     UCSRA=0x00;
0000d6 e0e0      	LDI  R30,LOW(0)
0000d7 b9eb      	OUT  0xB,R30
                 ; 0000 00F5     UCSRB=0x18;
0000d8 e1e8      	LDI  R30,LOW(24)
0000d9 b9ea      	OUT  0xA,R30
                 ; 0000 00F6     UCSRC=0x86;
0000da e8e6      	LDI  R30,LOW(134)
0000db bde0      	OUT  0x20,R30
                 ; 0000 00F7     UBRRH=0x00;
0000dc e0e0      	LDI  R30,LOW(0)
0000dd bde0      	OUT  0x20,R30
                 ; 0000 00F8     UBRRL=0x0C;
0000de e0ec      	LDI  R30,LOW(12)
0000df b9e9      	OUT  0x9,R30
                 ; 0000 00F9 
                 ; 0000 00FA //=================================================
                 ; 0000 00FB // LCD module initialization
                 ; 0000 00FC     lcd_init(16);
0000e0 e1e0      	LDI  R30,LOW(16)
0000e1 93ea      	ST   -Y,R30
0000e2 d24b      	RCALL _lcd_init
                 ; 0000 00FD 
                 ; 0000 00FE //=================================================
                 ; 0000 00FF 
                 ; 0000 0100 // Разрешение прерываний
                 ; 0000 0101     #asm("sei")
0000e3 9478      	sei
                 ; 0000 0102 // Вечный цикл
                 ; 0000 0103     while(1)
                 _0x9:
                 ; 0000 0104     {
                 ; 0000 0105 
                 ; 0000 0106         //read_temp();
                 ; 0000 0107 //        if (getchar()=='#') real_temp = getchar()*100;
                 ; 0000 0108 
                 ; 0000 0109 //        real_temp = real_temp + getchar()*10;
                 ; 0000 010A         real_temp = getchar();
0000e4 d04e      	RCALL _getchar
0000e5 93e0 00e8 	STS  _real_temp,R30
                 ; 0000 010B 
                 ; 0000 010C         real_temp++;
0000e7 91e0 00e8 	LDS  R30,_real_temp
0000e9 5fef      	SUBI R30,-LOW(1)
0000ea 93e0 00e8 	STS  _real_temp,R30
                 ; 0000 010D 
                 ; 0000 010E         delay_ms(5);
0000ec d286      	RCALL SUBOPT_0x1
                 ; 0000 010F 
                 ; 0000 0110 //===============================================================
                 ; 0000 0111         sprintf(lcd_str_1,"RAZOGREV");
0000ed d28a      	RCALL SUBOPT_0x2
                +
0000ee e3ee     +LDI R30 , LOW ( 2 * _0x0 + ( 0 ) )
0000ef e0f0     +LDI R31 , HIGH ( 2 * _0x0 + ( 0 ) )
                 	__POINTW1FN _0x0,0
0000f0 d28c      	RCALL SUBOPT_0x3
0000f1 e080      	LDI  R24,0
0000f2 d188      	RCALL _sprintf
0000f3 9624      	ADIW R28,4
                 ; 0000 0112 
                 ; 0000 0113             sprintf(lcd_str_2,"%c%c:%c%c:%c%c T=%c%c%c C",
                 ; 0000 0114             (real_time_ch/10)%10	+0x30,
                 ; 0000 0115             real_time_ch%10		    +0x30,
                 ; 0000 0116             (real_time_min/10)%10	+0x30,
                 ; 0000 0117             real_time_min%10		+0x30,
                 ; 0000 0118             (real_time_sek/10)%10	+0x30,
                 ; 0000 0119             real_time_sek%10		+0x30,
                 ; 0000 011A 
                 ; 0000 011B             (real_temp/100)%10	    +0x30,
                 ; 0000 011C             (real_temp/10)%10	    +0x30,
                 ; 0000 011D             real_temp%10	    +0x30
                 ; 0000 011E //            getchar()		    +0x30
                 ; 0000 011F             );
0000f4 efec      	LDI  R30,LOW(_lcd_str_2)
0000f5 e0f0      	LDI  R31,HIGH(_lcd_str_2)
0000f6 d286      	RCALL SUBOPT_0x3
                +
0000f7 e4e7     +LDI R30 , LOW ( 2 * _0x0 + ( 9 ) )
0000f8 e0f0     +LDI R31 , HIGH ( 2 * _0x0 + ( 9 ) )
                 	__POINTW1FN _0x0,9
0000f9 d283      	RCALL SUBOPT_0x3
0000fa 91a0 00e9 	LDS  R26,_real_time_ch
0000fc d283      	RCALL SUBOPT_0x4
0000fd 91a0 00e9 	LDS  R26,_real_time_ch
0000ff d28c      	RCALL SUBOPT_0x5
000100 91a0 00ea 	LDS  R26,_real_time_min
000102 d27d      	RCALL SUBOPT_0x4
000103 91a0 00ea 	LDS  R26,_real_time_min
000105 d286      	RCALL SUBOPT_0x5
000106 91a0 00eb 	LDS  R26,_real_time_sek
000108 d277      	RCALL SUBOPT_0x4
000109 91a0 00eb 	LDS  R26,_real_time_sek
00010b d280      	RCALL SUBOPT_0x5
00010c 91a0 00e8 	LDS  R26,_real_temp
00010e e0b0      	LDI  R27,0
00010f e6e4      	LDI  R30,LOW(100)
000110 e0f0      	LDI  R31,HIGH(100)
000111 d2ec      	RCALL __DIVW21
000112 01df      	MOVW R26,R30
000113 e0ea      	LDI  R30,LOW(10)
000114 e0f0      	LDI  R31,HIGH(10)
000115 d2ed      	RCALL __MODW21
000116 96f0      	ADIW R30,48
000117 d2ce      	RCALL __CWD1
000118 d30e      	RCALL __PUTPARD1
000119 91a0 00e8 	LDS  R26,_real_temp
00011b d264      	RCALL SUBOPT_0x4
00011c 91a0 00e8 	LDS  R26,_real_temp
00011e d26d      	RCALL SUBOPT_0x5
00011f e284      	LDI  R24,36
000120 d15a      	RCALL _sprintf
000121 96a8      	ADIW R28,40
                 ; 0000 0120 
                 ; 0000 0121 
                 ; 0000 0122 //========================================================
                 ; 0000 0123     lcd_clear();          	// очистка ЛСД
000122 d1c9      	RCALL _lcd_clear
                 ; 0000 0124 
                 ; 0000 0125     lcd_gotoxy(0,0);      	// установка курсора на 0,0
000123 d270      	RCALL SUBOPT_0x6
000124 d26f      	RCALL SUBOPT_0x6
000125 d1b9      	RCALL _lcd_gotoxy
                 ; 0000 0126     lcd_puts(lcd_str_1);
000126 d251      	RCALL SUBOPT_0x2
000127 d1e8      	RCALL _lcd_puts
                 ; 0000 0127 
                 ; 0000 0128     lcd_gotoxy(0,1);      	// установка курсора на начало второй строки
000128 d26b      	RCALL SUBOPT_0x6
000129 e0e1      	LDI  R30,LOW(1)
00012a 93ea      	ST   -Y,R30
00012b d1b3      	RCALL _lcd_gotoxy
                 ; 0000 0129     lcd_puts(lcd_str_2);
00012c efec      	LDI  R30,LOW(_lcd_str_2)
00012d e0f0      	LDI  R31,HIGH(_lcd_str_2)
00012e d24e      	RCALL SUBOPT_0x3
00012f d1e0      	RCALL _lcd_puts
                 ; 0000 012A 
                 ; 0000 012B     delay_ms(5);
000130 d242      	RCALL SUBOPT_0x1
                 ; 0000 012C 
                 ; 0000 012D     }
000131 cfb2      	RJMP _0x9
                 ; 0000 012E }
                 _0xC:
000132 cfff      	RJMP _0xC
                 ;
                 	#ifndef __SLEEP_DEFINED__
                 	#endif
                 
                 	.CSEG
                 _getchar:
                 getchar0:
000133 9b5f           sbis usr,rxc
000134 cffe           rjmp getchar0
000135 b1ec           in   r30,udr
000136 9508      	RET
                 _put_buff_G100:
000137 d2f8      	RCALL __SAVELOCR2
000138 d25e      	RCALL SUBOPT_0x7
000139 9612      	ADIW R26,2
00013a d2e4      	RCALL __GETW1P
00013b 9730      	SBIW R30,0
00013c f0f1      	BREQ _0x2000010
00013d d259      	RCALL SUBOPT_0x7
00013e d25b      	RCALL SUBOPT_0x8
00013f 018f      	MOVW R16,R30
000140 9730      	SBIW R30,0
000141 f061      	BREQ _0x2000012
                +
000142 3002     +CPI R16 , LOW ( 2 )
000143 e0e0     +LDI R30 , HIGH ( 2 )
000144 071e     +CPC R17 , R30
                 	__CPWRN 16,17,2
000145 f0a0      	BRLO _0x2000013
000146 01f8      	MOVW R30,R16
000147 9731      	SBIW R30,1
000148 018f      	MOVW R16,R30
                +
000149 81aa     +LDD R26 , Y + 2
00014a 81bb     +LDD R27 , Y + 2 + 1
00014b 9614     +ADIW R26 , 4
00014c 93ed     +ST X + , R30
00014d 93fc     +ST X , R31
                 	__PUTW1SNS 2,4
                 _0x2000012:
00014e d248      	RCALL SUBOPT_0x7
00014f 9612      	ADIW R26,2
000150 d24c      	RCALL SUBOPT_0x9
000151 9731      	SBIW R30,1
000152 81ac      	LDD  R26,Y+4
000153 83a0      	STD  Z+0,R26
000154 d242      	RCALL SUBOPT_0x7
000155 d2c9      	RCALL __GETW1P
000156 23ff      	TST  R31
000157 f012      	BRMI _0x2000014
000158 d23e      	RCALL SUBOPT_0x7
000159 d243      	RCALL SUBOPT_0x9
                 _0x2000014:
                 _0x2000013:
00015a c005      	RJMP _0x2000015
                 _0x2000010:
00015b d23b      	RCALL SUBOPT_0x7
00015c efef      	LDI  R30,LOW(65535)
00015d efff      	LDI  R31,HIGH(65535)
00015e 93ed      	ST   X+,R30
00015f 93fc      	ST   X,R31
                 _0x2000015:
000160 d2d6      	RCALL __LOADLOCR2
000161 9625      	ADIW R28,5
000162 9508      	RET
                 __print_G100:
000163 9726      	SBIW R28,6
000164 d2c7      	RCALL __SAVELOCR6
000165 e010      	LDI  R17,0
000166 85ac      	LDD  R26,Y+12
000167 85bd      	LDD  R27,Y+12+1
000168 e0e0      	LDI  R30,LOW(0)
000169 e0f0      	LDI  R31,HIGH(0)
00016a 93ed      	ST   X+,R30
00016b 93fc      	ST   X,R31
                 _0x2000016:
00016c 89ea      	LDD  R30,Y+18
00016d 89fb      	LDD  R31,Y+18+1
00016e 9631      	ADIW R30,1
00016f 8bea      	STD  Y+18,R30
000170 8bfb      	STD  Y+18+1,R31
000171 9731      	SBIW R30,1
000172 91e4      	LPM  R30,Z
000173 2f2e      	MOV  R18,R30
000174 30e0      	CPI  R30,0
000175 f409      	BRNE PC+2
000176 c0fe      	RJMP _0x2000018
000177 2fe1      	MOV  R30,R17
000178 30e0      	CPI  R30,0
000179 f431      	BRNE _0x200001C
00017a 3225      	CPI  R18,37
00017b f411      	BRNE _0x200001D
00017c e011      	LDI  R17,LOW(1)
00017d c001      	RJMP _0x200001E
                 _0x200001D:
00017e d224      	RCALL SUBOPT_0xA
                 _0x200001E:
00017f c0f4      	RJMP _0x200001B
                 _0x200001C:
000180 30e1      	CPI  R30,LOW(0x1)
000181 f4a1      	BRNE _0x200001F
000182 3225      	CPI  R18,37
000183 f411      	BRNE _0x2000020
000184 d21e      	RCALL SUBOPT_0xA
000185 c0ed      	RJMP _0x20000C9
                 _0x2000020:
000186 e012      	LDI  R17,LOW(2)
000187 e040      	LDI  R20,LOW(0)
000188 e000      	LDI  R16,LOW(0)
000189 322d      	CPI  R18,45
00018a f411      	BRNE _0x2000021
00018b e001      	LDI  R16,LOW(1)
00018c c0e7      	RJMP _0x200001B
                 _0x2000021:
00018d 322b      	CPI  R18,43
00018e f411      	BRNE _0x2000022
00018f e24b      	LDI  R20,LOW(43)
000190 c0e3      	RJMP _0x200001B
                 _0x2000022:
000191 3220      	CPI  R18,32
000192 f411      	BRNE _0x2000023
000193 e240      	LDI  R20,LOW(32)
000194 c0df      	RJMP _0x200001B
                 _0x2000023:
000195 c002      	RJMP _0x2000024
                 _0x200001F:
000196 30e2      	CPI  R30,LOW(0x2)
000197 f439      	BRNE _0x2000025
                 _0x2000024:
000198 e050      	LDI  R21,LOW(0)
000199 e013      	LDI  R17,LOW(3)
00019a 3320      	CPI  R18,48
00019b f411      	BRNE _0x2000026
00019c 6800      	ORI  R16,LOW(128)
00019d c0d6      	RJMP _0x200001B
                 _0x2000026:
00019e c003      	RJMP _0x2000027
                 _0x2000025:
00019f 30e3      	CPI  R30,LOW(0x3)
0001a0 f009      	BREQ PC+2
0001a1 c0d2      	RJMP _0x200001B
                 _0x2000027:
0001a2 3320      	CPI  R18,48
0001a3 f010      	BRLO _0x200002A
0001a4 332a      	CPI  R18,58
0001a5 f008      	BRLO _0x200002B
                 _0x200002A:
0001a6 c007      	RJMP _0x2000029
                 _0x200002B:
0001a7 e0aa      	LDI  R26,LOW(10)
0001a8 9f5a      	MUL  R21,R26
0001a9 2d50      	MOV  R21,R0
0001aa 2fe2      	MOV  R30,R18
0001ab 53e0      	SUBI R30,LOW(48)
0001ac 0f5e      	ADD  R21,R30
0001ad c0c6      	RJMP _0x200001B
                 _0x2000029:
0001ae 2fe2      	MOV  R30,R18
0001af 36e3      	CPI  R30,LOW(0x63)
0001b0 f439      	BRNE _0x200002F
0001b1 d1f9      	RCALL SUBOPT_0xB
0001b2 d1fb      	RCALL SUBOPT_0xC
0001b3 d1f7      	RCALL SUBOPT_0xB
0001b4 81a4      	LDD  R26,Z+4
0001b5 93aa      	ST   -Y,R26
0001b6 d1fb      	RCALL SUBOPT_0xD
0001b7 c0bb      	RJMP _0x2000030
                 _0x200002F:
0001b8 37e3      	CPI  R30,LOW(0x73)
0001b9 f431      	BRNE _0x2000032
0001ba d1fe      	RCALL SUBOPT_0xE
0001bb d1ff      	RCALL SUBOPT_0xF
0001bc d201      	RCALL SUBOPT_0x10
0001bd d19c      	RCALL _strlen
0001be 2f1e      	MOV  R17,R30
0001bf c008      	RJMP _0x2000033
                 _0x2000032:
0001c0 37e0      	CPI  R30,LOW(0x70)
0001c1 f451      	BRNE _0x2000035
0001c2 d1f6      	RCALL SUBOPT_0xE
0001c3 d1f7      	RCALL SUBOPT_0xF
0001c4 d1f9      	RCALL SUBOPT_0x10
0001c5 d19e      	RCALL _strlenf
0001c6 2f1e      	MOV  R17,R30
0001c7 6008      	ORI  R16,LOW(8)
                 _0x2000033:
0001c8 6002      	ORI  R16,LOW(2)
0001c9 770f      	ANDI R16,LOW(127)
0001ca e030      	LDI  R19,LOW(0)
0001cb c02e      	RJMP _0x2000036
                 _0x2000035:
0001cc 36e4      	CPI  R30,LOW(0x64)
0001cd f011      	BREQ _0x2000039
0001ce 36e9      	CPI  R30,LOW(0x69)
0001cf f411      	BRNE _0x200003A
                 _0x2000039:
0001d0 6004      	ORI  R16,LOW(4)
0001d1 c002      	RJMP _0x200003B
                 _0x200003A:
0001d2 37e5      	CPI  R30,LOW(0x75)
0001d3 f429      	BRNE _0x200003C
                 _0x200003B:
0001d4 e2ea      	LDI  R30,LOW(_tbl10_G100*2)
0001d5 e0f0      	LDI  R31,HIGH(_tbl10_G100*2)
0001d6 d1ea      	RCALL SUBOPT_0x11
0001d7 e015      	LDI  R17,LOW(5)
0001d8 c00b      	RJMP _0x200003D
                 _0x200003C:
0001d9 35e8      	CPI  R30,LOW(0x58)
0001da f411      	BRNE _0x200003F
0001db 6008      	ORI  R16,LOW(8)
0001dc c003      	RJMP _0x2000040
                 _0x200003F:
0001dd 37e8      	CPI  R30,LOW(0x78)
0001de f009      	BREQ PC+2
0001df c093      	RJMP _0x2000071
                 _0x2000040:
0001e0 e3e4      	LDI  R30,LOW(_tbl16_G100*2)
0001e1 e0f0      	LDI  R31,HIGH(_tbl16_G100*2)
0001e2 d1de      	RCALL SUBOPT_0x11
0001e3 e014      	LDI  R17,LOW(4)
                 _0x200003D:
0001e4 ff02      	SBRS R16,2
0001e5 c011      	RJMP _0x2000042
0001e6 d1d2      	RCALL SUBOPT_0xE
0001e7 d1d3      	RCALL SUBOPT_0xF
0001e8 d1db      	RCALL SUBOPT_0x12
0001e9 85ab      	LDD  R26,Y+11
0001ea 23aa      	TST  R26
0001eb f42a      	BRPL _0x2000043
0001ec 85ea      	LDD  R30,Y+10
0001ed 85fb      	LDD  R31,Y+10+1
0001ee d1f3      	RCALL __ANEGW1
0001ef d1d4      	RCALL SUBOPT_0x12
0001f0 e24d      	LDI  R20,LOW(45)
                 _0x2000043:
0001f1 3040      	CPI  R20,0
0001f2 f011      	BREQ _0x2000044
0001f3 5f1f      	SUBI R17,-LOW(1)
0001f4 c001      	RJMP _0x2000045
                 _0x2000044:
0001f5 7f0b      	ANDI R16,LOW(251)
                 _0x2000045:
0001f6 c003      	RJMP _0x2000046
                 _0x2000042:
0001f7 d1c1      	RCALL SUBOPT_0xE
0001f8 d1c2      	RCALL SUBOPT_0xF
0001f9 d1ca      	RCALL SUBOPT_0x12
                 _0x2000046:
                 _0x2000036:
0001fa fd00      	SBRC R16,0
0001fb c010      	RJMP _0x2000047
                 _0x2000048:
0001fc 1715      	CP   R17,R21
0001fd f470      	BRSH _0x200004A
0001fe ff07      	SBRS R16,7
0001ff c008      	RJMP _0x200004B
000200 ff02      	SBRS R16,2
000201 c004      	RJMP _0x200004C
000202 7f0b      	ANDI R16,LOW(251)
000203 2f24      	MOV  R18,R20
000204 5011      	SUBI R17,LOW(1)
000205 c001      	RJMP _0x200004D
                 _0x200004C:
000206 e320      	LDI  R18,LOW(48)
                 _0x200004D:
000207 c001      	RJMP _0x200004E
                 _0x200004B:
000208 e220      	LDI  R18,LOW(32)
                 _0x200004E:
000209 d199      	RCALL SUBOPT_0xA
00020a 5051      	SUBI R21,LOW(1)
00020b cff0      	RJMP _0x2000048
                 _0x200004A:
                 _0x2000047:
00020c 2f31      	MOV  R19,R17
00020d ff01      	SBRS R16,1
00020e c015      	RJMP _0x200004F
                 _0x2000050:
00020f 3030      	CPI  R19,0
000210 f091      	BREQ _0x2000052
000211 ff03      	SBRS R16,3
000212 c005      	RJMP _0x2000053
000213 81ee      	LDD  R30,Y+6
000214 81ff      	LDD  R31,Y+6+1
000215 9125      	LPM  R18,Z+
000216 d1aa      	RCALL SUBOPT_0x11
000217 c005      	RJMP _0x2000054
                 _0x2000053:
000218 81ae      	LDD  R26,Y+6
000219 81bf      	LDD  R27,Y+6+1
00021a 912d      	LD   R18,X+
00021b 83ae      	STD  Y+6,R26
00021c 83bf      	STD  Y+6+1,R27
                 _0x2000054:
00021d d185      	RCALL SUBOPT_0xA
00021e 3050      	CPI  R21,0
00021f f009      	BREQ _0x2000055
000220 5051      	SUBI R21,LOW(1)
                 _0x2000055:
000221 5031      	SUBI R19,LOW(1)
000222 cfec      	RJMP _0x2000050
                 _0x2000052:
000223 c046      	RJMP _0x2000056
                 _0x200004F:
                 _0x2000058:
000224 e320      	LDI  R18,LOW(48)
000225 81ee      	LDD  R30,Y+6
000226 81ff      	LDD  R31,Y+6+1
000227 d1fb      	RCALL __GETW1PF
000228 87e8      	STD  Y+8,R30
000229 87f9      	STD  Y+8+1,R31
00022a 81ee      	LDD  R30,Y+6
00022b 81ff      	LDD  R31,Y+6+1
00022c 9632      	ADIW R30,2
00022d d193      	RCALL SUBOPT_0x11
                 _0x200005A:
00022e 85e8      	LDD  R30,Y+8
00022f 85f9      	LDD  R31,Y+8+1
000230 85aa      	LDD  R26,Y+10
000231 85bb      	LDD  R27,Y+10+1
000232 17ae      	CP   R26,R30
000233 07bf      	CPC  R27,R31
000234 f048      	BRLO _0x200005C
000235 5f2f      	SUBI R18,-LOW(1)
000236 85a8      	LDD  R26,Y+8
000237 85b9      	LDD  R27,Y+8+1
000238 85ea      	LDD  R30,Y+10
000239 85fb      	LDD  R31,Y+10+1
00023a 1bea      	SUB  R30,R26
00023b 0bfb      	SBC  R31,R27
00023c d187      	RCALL SUBOPT_0x12
00023d cff0      	RJMP _0x200005A
                 _0x200005C:
00023e 332a      	CPI  R18,58
00023f f028      	BRLO _0x200005D
000240 ff03      	SBRS R16,3
000241 c002      	RJMP _0x200005E
000242 5f29      	SUBI R18,-LOW(7)
000243 c001      	RJMP _0x200005F
                 _0x200005E:
000244 5d29      	SUBI R18,-LOW(39)
                 _0x200005F:
                 _0x200005D:
000245 fd04      	SBRC R16,4
000246 c019      	RJMP _0x2000061
000247 3321      	CPI  R18,49
000248 f420      	BRSH _0x2000063
000249 85a8      	LDD  R26,Y+8
00024a 85b9      	LDD  R27,Y+8+1
00024b 9711      	SBIW R26,1
00024c f409      	BRNE _0x2000062
                 _0x2000063:
00024d c009      	RJMP _0x20000CA
                 _0x2000062:
00024e 1753      	CP   R21,R19
00024f f010      	BRLO _0x2000067
000250 ff00      	SBRS R16,0
000251 c001      	RJMP _0x2000068
                 _0x2000067:
000252 c011      	RJMP _0x2000066
                 _0x2000068:
000253 e220      	LDI  R18,LOW(32)
000254 ff07      	SBRS R16,7
000255 c00a      	RJMP _0x2000069
000256 e320      	LDI  R18,LOW(48)
                 _0x20000CA:
000257 6100      	ORI  R16,LOW(16)
000258 ff02      	SBRS R16,2
000259 c006      	RJMP _0x200006A
00025a 7f0b      	ANDI R16,LOW(251)
00025b 934a      	ST   -Y,R20
00025c d155      	RCALL SUBOPT_0xD
00025d 3050      	CPI  R21,0
00025e f009      	BREQ _0x200006B
00025f 5051      	SUBI R21,LOW(1)
                 _0x200006B:
                 _0x200006A:
                 _0x2000069:
                 _0x2000061:
000260 d142      	RCALL SUBOPT_0xA
000261 3050      	CPI  R21,0
000262 f009      	BREQ _0x200006C
000263 5051      	SUBI R21,LOW(1)
                 _0x200006C:
                 _0x2000066:
000264 5031      	SUBI R19,LOW(1)
000265 85a8      	LDD  R26,Y+8
000266 85b9      	LDD  R27,Y+8+1
000267 9712      	SBIW R26,2
000268 f008      	BRLO _0x2000059
000269 cfba      	RJMP _0x2000058
                 _0x2000059:
                 _0x2000056:
00026a ff00      	SBRS R16,0
00026b c007      	RJMP _0x200006D
                 _0x200006E:
00026c 3050      	CPI  R21,0
00026d f029      	BREQ _0x2000070
00026e 5051      	SUBI R21,LOW(1)
00026f e2e0      	LDI  R30,LOW(32)
000270 93ea      	ST   -Y,R30
000271 d140      	RCALL SUBOPT_0xD
000272 cff9      	RJMP _0x200006E
                 _0x2000070:
                 _0x200006D:
                 _0x2000071:
                 _0x2000030:
                 _0x20000C9:
000273 e010      	LDI  R17,LOW(0)
                 _0x200001B:
000274 cef7      	RJMP _0x2000016
                 _0x2000018:
000275 85ac      	LDD  R26,Y+12
000276 85bd      	LDD  R27,Y+12+1
000277 d1a7      	RCALL __GETW1P
000278 d1ba      	RCALL __LOADLOCR6
000279 9664      	ADIW R28,20
00027a 9508      	RET
                 _sprintf:
00027b 92ff      	PUSH R15
00027c 2ef8      	MOV  R15,R24
00027d 9726      	SBIW R28,6
00027e d1af      	RCALL __SAVELOCR4
00027f d147      	RCALL SUBOPT_0x13
000280 9730      	SBIW R30,0
000281 f419      	BRNE _0x2000072
000282 efef      	LDI  R30,LOW(65535)
000283 efff      	LDI  R31,HIGH(65535)
000284 c01d      	RJMP _0x2080002
                 _0x2000072:
000285 01de      	MOVW R26,R28
000286 9616      	ADIW R26,6
000287 d156      	RCALL __ADDW2R15
000288 018d      	MOVW R16,R26
000289 d13d      	RCALL SUBOPT_0x13
00028a d136      	RCALL SUBOPT_0x11
00028b e0e0      	LDI  R30,LOW(0)
00028c 87e8      	STD  Y+8,R30
00028d 87e9      	STD  Y+8+1,R30
00028e 01de      	MOVW R26,R28
00028f 961a      	ADIW R26,10
000290 d14d      	RCALL __ADDW2R15
000291 d18d      	RCALL __GETW1P
000292 d0ea      	RCALL SUBOPT_0x3
000293 931a      	ST   -Y,R17
000294 930a      	ST   -Y,R16
000295 e3e7      	LDI  R30,LOW(_put_buff_G100)
000296 e0f1      	LDI  R31,HIGH(_put_buff_G100)
000297 d0e5      	RCALL SUBOPT_0x3
000298 01fe      	MOVW R30,R28
000299 963a      	ADIW R30,10
00029a d0e2      	RCALL SUBOPT_0x3
00029b dec7      	RCALL __print_G100
00029c 019f      	MOVW R18,R30
00029d 81ae      	LDD  R26,Y+6
00029e 81bf      	LDD  R27,Y+6+1
00029f e0e0      	LDI  R30,LOW(0)
0002a0 93ec      	ST   X,R30
0002a1 01f9      	MOVW R30,R18
                 _0x2080002:
0002a2 d192      	RCALL __LOADLOCR4
0002a3 962a      	ADIW R28,10
0002a4 90ff      	POP  R15
0002a5 9508      	RET
                     .equ __lcd_direction=__lcd_port-1
                     .equ __lcd_pin=__lcd_port-2
                     .equ __lcd_rs=0
                     .equ __lcd_rd=1
                     .equ __lcd_enable=2
                     .equ __lcd_busy_flag=7
                 
                 	.DSEG
                 
                 	.CSEG
                 __lcd_delay_G101:
0002a6 e0ff          ldi   r31,15
                 __lcd_delay0:
0002a7 95fa          dec   r31
0002a8 f7f1          brne  __lcd_delay0
0002a9 9508      	RET
                 __lcd_ready:
0002aa b3a7          in    r26,__lcd_direction
0002ab 70af          andi  r26,0xf                 ;set as input
0002ac bba7          out   __lcd_direction,r26
0002ad 9ac1          sbi   __lcd_port,__lcd_rd     ;RD=1
0002ae 98c0          cbi   __lcd_port,__lcd_rs     ;RS=0
                 __lcd_busy:
0002af dff6      	RCALL __lcd_delay_G101
0002b0 9ac2          sbi   __lcd_port,__lcd_enable ;EN=1
0002b1 dff4      	RCALL __lcd_delay_G101
0002b2 b3a6          in    r26,__lcd_pin
0002b3 98c2          cbi   __lcd_port,__lcd_enable ;EN=0
0002b4 dff1      	RCALL __lcd_delay_G101
0002b5 9ac2          sbi   __lcd_port,__lcd_enable ;EN=1
0002b6 dfef      	RCALL __lcd_delay_G101
0002b7 98c2          cbi   __lcd_port,__lcd_enable ;EN=0
0002b8 fda7          sbrc  r26,__lcd_busy_flag
0002b9 cff5          rjmp  __lcd_busy
0002ba 9508      	RET
                 __lcd_write_nibble_G101:
0002bb 7fa0          andi  r26,0xf0
0002bc 2bab          or    r26,r27
0002bd bba8          out   __lcd_port,r26          ;write
0002be 9ac2          sbi   __lcd_port,__lcd_enable ;EN=1
0002bf dfe6      	RCALL __lcd_delay_G101
0002c0 98c2          cbi   __lcd_port,__lcd_enable ;EN=0
0002c1 dfe4      	RCALL __lcd_delay_G101
0002c2 9508      	RET
                 __lcd_write_data:
0002c3 98c1          cbi  __lcd_port,__lcd_rd 	  ;RD=0
0002c4 b3a7          in    r26,__lcd_direction
0002c5 6fa7          ori   r26,0xf0 | (1<<__lcd_rs) | (1<<__lcd_rd) | (1<<__lcd_enable) ;set as output
0002c6 bba7          out   __lcd_direction,r26
0002c7 b3b8          in    r27,__lcd_port
0002c8 70bf          andi  r27,0xf
0002c9 81a8          ld    r26,y
0002ca dff0      	RCALL __lcd_write_nibble_G101
0002cb 81a8          ld    r26,y
0002cc 95a2          swap  r26
0002cd dfed      	RCALL __lcd_write_nibble_G101
0002ce 9ac1          sbi   __lcd_port,__lcd_rd     ;RD=1
0002cf c088      	RJMP _0x2080001
                 __lcd_read_nibble_G101:
0002d0 9ac2          sbi   __lcd_port,__lcd_enable ;EN=1
0002d1 dfd4      	RCALL __lcd_delay_G101
0002d2 b3e6          in    r30,__lcd_pin           ;read
0002d3 98c2          cbi   __lcd_port,__lcd_enable ;EN=0
0002d4 dfd1      	RCALL __lcd_delay_G101
0002d5 7fe0          andi  r30,0xf0
0002d6 9508      	RET
                 _lcd_read_byte0_G101:
0002d7 dfce      	RCALL __lcd_delay_G101
0002d8 dff7      	RCALL __lcd_read_nibble_G101
0002d9 2fae          mov   r26,r30
0002da dff5      	RCALL __lcd_read_nibble_G101
0002db 98c1          cbi   __lcd_port,__lcd_rd     ;RD=0
0002dc 95e2          swap  r30
0002dd 2bea          or    r30,r26
0002de 9508      	RET
                 _lcd_gotoxy:
0002df dfca      	RCALL __lcd_ready
0002e0 81e8      	LD   R30,Y
0002e1 e0f0      	LDI  R31,0
0002e2 5fe4      	SUBI R30,LOW(-__base_y_G101)
0002e3 4ffe      	SBCI R31,HIGH(-__base_y_G101)
0002e4 81e0      	LD   R30,Z
0002e5 81a9      	LDD  R26,Y+1
0002e6 0fea      	ADD  R30,R26
0002e7 d0e4      	RCALL SUBOPT_0x14
0002e8 8069      	LDD  R6,Y+1
0002e9 8098      	LDD  R9,Y+0
0002ea 9622      	ADIW R28,2
0002eb 9508      	RET
                 _lcd_clear:
0002ec dfbd      	RCALL __lcd_ready
0002ed e0e2      	LDI  R30,LOW(2)
0002ee d0dd      	RCALL SUBOPT_0x14
0002ef dfba      	RCALL __lcd_ready
0002f0 e0ec      	LDI  R30,LOW(12)
0002f1 d0da      	RCALL SUBOPT_0x14
0002f2 dfb7      	RCALL __lcd_ready
0002f3 e0e1      	LDI  R30,LOW(1)
0002f4 d0d7      	RCALL SUBOPT_0x14
0002f5 e0e0      	LDI  R30,LOW(0)
0002f6 2e9e      	MOV  R9,R30
0002f7 2e6e      	MOV  R6,R30
0002f8 9508      	RET
                 _lcd_putchar:
0002f9 93ef          push r30
0002fa 93ff          push r31
0002fb 81a8          ld   r26,y
0002fc 9468          set
0002fd 30aa          cpi  r26,10
0002fe f019          breq __lcd_putchar1
0002ff 94e8          clt
000300 1468      	CP   R6,R8
000301 f028      	BRLO _0x2020004
                 	__lcd_putchar1:
000302 9493      	INC  R9
000303 d090      	RCALL SUBOPT_0x6
000304 929a      	ST   -Y,R9
000305 dfd9      	RCALL _lcd_gotoxy
000306 f036      	brts __lcd_putchar0
                 _0x2020004:
000307 9463      	INC  R6
000308 dfa1          rcall __lcd_ready
000309 9ac0          sbi  __lcd_port,__lcd_rs ;RS=1
00030a 81a8          ld   r26,y
00030b 93aa          st   -y,r26
00030c dfb6          rcall __lcd_write_data
                 __lcd_putchar0:
00030d 91ff          pop  r31
00030e 91ef          pop  r30
00030f c048      	RJMP _0x2080001
                 _lcd_puts:
000310 931a      	ST   -Y,R17
                 _0x2020005:
000311 81a9      	LDD  R26,Y+1
000312 81ba      	LDD  R27,Y+1+1
000313 91ed      	LD   R30,X+
000314 83a9      	STD  Y+1,R26
000315 83ba      	STD  Y+1+1,R27
000316 2f1e      	MOV  R17,R30
000317 30e0      	CPI  R30,0
000318 f019      	BREQ _0x2020007
000319 931a      	ST   -Y,R17
00031a dfde      	RCALL _lcd_putchar
00031b cff5      	RJMP _0x2020005
                 _0x2020007:
00031c 8118      	LDD  R17,Y+0
00031d 9623      	ADIW R28,3
00031e 9508      	RET
                 __long_delay_G101:
00031f 27aa          clr   r26
000320 27bb          clr   r27
                 __long_delay0:
000321 9711          sbiw  r26,1         ;2 cycles
000322 f7f1          brne  __long_delay0 ;2 cycles
000323 9508      	RET
                 __lcd_init_write_G101:
000324 98c1          cbi  __lcd_port,__lcd_rd 	  ;RD=0
000325 b3a7          in    r26,__lcd_direction
000326 6fa7          ori   r26,0xf7                ;set as output
000327 bba7          out   __lcd_direction,r26
000328 b3b8          in    r27,__lcd_port
000329 70bf          andi  r27,0xf
00032a 81a8          ld    r26,y
00032b df8f      	RCALL __lcd_write_nibble_G101
00032c 9ac1          sbi   __lcd_port,__lcd_rd     ;RD=1
00032d c02a      	RJMP _0x2080001
                 _lcd_init:
00032e 98c2          cbi   __lcd_port,__lcd_enable ;EN=0
00032f 98c0          cbi   __lcd_port,__lcd_rs     ;RS=0
000330 8088      	LDD  R8,Y+0
000331 81e8      	LD   R30,Y
000332 58e0      	SUBI R30,-LOW(128)
                +
000333 93e0 010e+STS __base_y_G101 + ( 2 ) , R30
                 	__PUTB1MN __base_y_G101,2
000335 81e8      	LD   R30,Y
000336 54e0      	SUBI R30,-LOW(192)
                +
000337 93e0 010f+STS __base_y_G101 + ( 3 ) , R30
                 	__PUTB1MN __base_y_G101,3
000339 d094      	RCALL SUBOPT_0x15
00033a d093      	RCALL SUBOPT_0x15
00033b d092      	RCALL SUBOPT_0x15
00033c dfe2      	RCALL __long_delay_G101
00033d e2e0      	LDI  R30,LOW(32)
00033e 93ea      	ST   -Y,R30
00033f dfe4      	RCALL __lcd_init_write_G101
000340 dfde      	RCALL __long_delay_G101
000341 e2e8      	LDI  R30,LOW(40)
000342 d089      	RCALL SUBOPT_0x14
000343 dfdb      	RCALL __long_delay_G101
000344 e0e4      	LDI  R30,LOW(4)
000345 d086      	RCALL SUBOPT_0x14
000346 dfd8      	RCALL __long_delay_G101
000347 e8e5      	LDI  R30,LOW(133)
000348 d083      	RCALL SUBOPT_0x14
000349 dfd5      	RCALL __long_delay_G101
00034a b3a7          in    r26,__lcd_direction
00034b 70af          andi  r26,0xf                 ;set as input
00034c bba7          out   __lcd_direction,r26
00034d 9ac1          sbi   __lcd_port,__lcd_rd     ;RD=1
00034e df88      	RCALL _lcd_read_byte0_G101
00034f 30e5      	CPI  R30,LOW(0x5)
000350 f011      	BREQ _0x202000B
000351 e0e0      	LDI  R30,LOW(0)
000352 c005      	RJMP _0x2080001
                 _0x202000B:
000353 df56      	RCALL __lcd_ready
000354 e0e6      	LDI  R30,LOW(6)
000355 d076      	RCALL SUBOPT_0x14
000356 df95      	RCALL _lcd_clear
000357 e0e1      	LDI  R30,LOW(1)
                 _0x2080001:
000358 9621      	ADIW R28,1
000359 9508      	RET
                 
                 	.CSEG
                 
                 	.CSEG
                 _strlen:
00035a 91a9          ld   r26,y+
00035b 91b9          ld   r27,y+
00035c 27ee          clr  r30
00035d 27ff          clr  r31
                 strlen0:
00035e 916d          ld   r22,x+
00035f 2366          tst  r22
000360 f011          breq strlen1
000361 9631          adiw r30,1
000362 cffb          rjmp strlen0
                 strlen1:
000363 9508          ret
                 _strlenf:
000364 27aa          clr  r26
000365 27bb          clr  r27
000366 91e9          ld   r30,y+
000367 91f9          ld   r31,y+
                 strlenf0:
000368 9005      	lpm  r0,z+
000369 2000          tst  r0
00036a f011          breq strlenf1
00036b 9611          adiw r26,1
00036c cffb          rjmp strlenf0
                 strlenf1:
00036d 01fd          movw r30,r26
00036e 9508          ret
                 
                 	.DSEG
                 _rx_buffer:
0000e0           	.BYTE 0x8
                 _real_temp:
0000e8           	.BYTE 0x1
                 _real_time_ch:
0000e9           	.BYTE 0x1
                 _real_time_min:
0000ea           	.BYTE 0x1
                 _real_time_sek:
0000eb           	.BYTE 0x1
                 _lcd_str_1:
0000ec           	.BYTE 0x10
                 _lcd_str_2:
0000fc           	.BYTE 0x10
                 __base_y_G101:
00010c           	.BYTE 0x4
                 
                 	.CSEG
                 ;OPTIMIZER ADDED SUBROUTINE, CALLED 2 TIMES, CODE SIZE REDUCTION:1 WORDS
                 SUBOPT_0x0:
00036f e0e0      	LDI  R30,LOW(0)
000370 bded      	OUT  0x2D,R30
000371 bdec      	OUT  0x2C,R30
000372 9508      	RET
                 
                 ;OPTIMIZER ADDED SUBROUTINE, CALLED 2 TIMES, CODE SIZE REDUCTION:2 WORDS
                 SUBOPT_0x1:
000373 e0e5      	LDI  R30,LOW(5)
000374 e0f0      	LDI  R31,HIGH(5)
000375 93fa      	ST   -Y,R31
000376 93ea      	ST   -Y,R30
000377 c05a      	RJMP _delay_ms
                 
                 ;OPTIMIZER ADDED SUBROUTINE, CALLED 2 TIMES, CODE SIZE REDUCTION:1 WORDS
                 SUBOPT_0x2:
000378 eeec      	LDI  R30,LOW(_lcd_str_1)
000379 e0f0      	LDI  R31,HIGH(_lcd_str_1)
00037a 93fa      	ST   -Y,R31
00037b 93ea      	ST   -Y,R30
00037c 9508      	RET
                 
                 ;OPTIMIZER ADDED SUBROUTINE, CALLED 17 TIMES, CODE SIZE REDUCTION:14 WORDS
                 SUBOPT_0x3:
00037d 93fa      	ST   -Y,R31
00037e 93ea      	ST   -Y,R30
00037f 9508      	RET
                 
                 ;OPTIMIZER ADDED SUBROUTINE, CALLED 4 TIMES, CODE SIZE REDUCTION:37 WORDS
                 SUBOPT_0x4:
000380 e0b0      	LDI  R27,0
000381 e0ea      	LDI  R30,LOW(10)
000382 e0f0      	LDI  R31,HIGH(10)
000383 d07a      	RCALL __DIVW21
000384 01df      	MOVW R26,R30
000385 e0ea      	LDI  R30,LOW(10)
000386 e0f0      	LDI  R31,HIGH(10)
000387 d07b      	RCALL __MODW21
000388 96f0      	ADIW R30,48
000389 d05c      	RCALL __CWD1
00038a d09c      	RCALL __PUTPARD1
00038b 9508      	RET
                 
                 ;OPTIMIZER ADDED SUBROUTINE, CALLED 4 TIMES, CODE SIZE REDUCTION:19 WORDS
                 SUBOPT_0x5:
00038c 27bb      	CLR  R27
00038d e0ea      	LDI  R30,LOW(10)
00038e e0f0      	LDI  R31,HIGH(10)
00038f d073      	RCALL __MODW21
000390 96f0      	ADIW R30,48
000391 d054      	RCALL __CWD1
000392 d094      	RCALL __PUTPARD1
000393 9508      	RET
                 
                 ;OPTIMIZER ADDED SUBROUTINE, CALLED 4 TIMES, CODE SIZE REDUCTION:1 WORDS
                 SUBOPT_0x6:
000394 e0e0      	LDI  R30,LOW(0)
000395 93ea      	ST   -Y,R30
000396 9508      	RET
                 
                 ;OPTIMIZER ADDED SUBROUTINE, CALLED 6 TIMES, CODE SIZE REDUCTION:3 WORDS
                 SUBOPT_0x7:
000397 81aa      	LDD  R26,Y+2
000398 81bb      	LDD  R27,Y+2+1
000399 9508      	RET
                 
                 ;OPTIMIZER ADDED SUBROUTINE, CALLED 5 TIMES, CODE SIZE REDUCTION:2 WORDS
                 SUBOPT_0x8:
00039a 9614      	ADIW R26,4
00039b d083      	RCALL __GETW1P
00039c 9508      	RET
                 
                 ;OPTIMIZER ADDED SUBROUTINE, CALLED 2 TIMES, CODE SIZE REDUCTION:2 WORDS
                 SUBOPT_0x9:
00039d 91ed      	LD   R30,X+
00039e 91fd      	LD   R31,X+
00039f 9631      	ADIW R30,1
0003a0 93fe      	ST   -X,R31
0003a1 93ee      	ST   -X,R30
0003a2 9508      	RET
                 
                 ;OPTIMIZER ADDED SUBROUTINE, CALLED 5 TIMES, CODE SIZE REDUCTION:22 WORDS
                 SUBOPT_0xA:
0003a3 932a      	ST   -Y,R18
0003a4 85ed      	LDD  R30,Y+13
0003a5 85fe      	LDD  R31,Y+13+1
0003a6 dfd6      	RCALL SUBOPT_0x3
0003a7 89e9      	LDD  R30,Y+17
0003a8 89fa      	LDD  R31,Y+17+1
0003a9 9509      	ICALL
0003aa 9508      	RET
                 
                 ;OPTIMIZER ADDED SUBROUTINE, CALLED 6 TIMES, CODE SIZE REDUCTION:3 WORDS
                 SUBOPT_0xB:
0003ab 89e8      	LDD  R30,Y+16
0003ac 89f9      	LDD  R31,Y+16+1
0003ad 9508      	RET
                 
                 ;OPTIMIZER ADDED SUBROUTINE, CALLED 5 TIMES, CODE SIZE REDUCTION:6 WORDS
                 SUBOPT_0xC:
0003ae 9734      	SBIW R30,4
0003af 8be8      	STD  Y+16,R30
0003b0 8bf9      	STD  Y+16+1,R31
0003b1 9508      	RET
                 
                 ;OPTIMIZER ADDED SUBROUTINE, CALLED 3 TIMES, CODE SIZE REDUCTION:8 WORDS
                 SUBOPT_0xD:
0003b2 85ed      	LDD  R30,Y+13
0003b3 85fe      	LDD  R31,Y+13+1
0003b4 dfc8      	RCALL SUBOPT_0x3
0003b5 89e9      	LDD  R30,Y+17
0003b6 89fa      	LDD  R31,Y+17+1
0003b7 9509      	ICALL
0003b8 9508      	RET
                 
                 ;OPTIMIZER ADDED SUBROUTINE, CALLED 4 TIMES, CODE SIZE REDUCTION:1 WORDS
                 SUBOPT_0xE:
0003b9 dff1      	RCALL SUBOPT_0xB
0003ba cff3      	RJMP SUBOPT_0xC
                 
                 ;OPTIMIZER ADDED SUBROUTINE, CALLED 4 TIMES, CODE SIZE REDUCTION:4 WORDS
                 SUBOPT_0xF:
0003bb 89a8      	LDD  R26,Y+16
0003bc 89b9      	LDD  R27,Y+16+1
0003bd cfdc      	RJMP SUBOPT_0x8
                 
                 ;OPTIMIZER ADDED SUBROUTINE, CALLED 2 TIMES, CODE SIZE REDUCTION:2 WORDS
                 SUBOPT_0x10:
0003be 83ee      	STD  Y+6,R30
0003bf 83ff      	STD  Y+6+1,R31
0003c0 cfbc      	RJMP SUBOPT_0x3
                 
                 ;OPTIMIZER ADDED SUBROUTINE, CALLED 5 TIMES, CODE SIZE REDUCTION:2 WORDS
                 SUBOPT_0x11:
0003c1 83ee      	STD  Y+6,R30
0003c2 83ff      	STD  Y+6+1,R31
0003c3 9508      	RET
                 
                 ;OPTIMIZER ADDED SUBROUTINE, CALLED 4 TIMES, CODE SIZE REDUCTION:1 WORDS
                 SUBOPT_0x12:
0003c4 87ea      	STD  Y+10,R30
0003c5 87fb      	STD  Y+10+1,R31
0003c6 9508      	RET
                 
                 ;OPTIMIZER ADDED SUBROUTINE, CALLED 2 TIMES, CODE SIZE REDUCTION:1 WORDS
                 SUBOPT_0x13:
0003c7 01de      	MOVW R26,R28
0003c8 961c      	ADIW R26,12
0003c9 d014      	RCALL __ADDW2R15
0003ca d054      	RCALL __GETW1P
0003cb 9508      	RET
                 
                 ;OPTIMIZER ADDED SUBROUTINE, CALLED 8 TIMES, CODE SIZE REDUCTION:5 WORDS
                 SUBOPT_0x14:
0003cc 93ea      	ST   -Y,R30
0003cd cef5      	RJMP __lcd_write_data
                 
                 ;OPTIMIZER ADDED SUBROUTINE, CALLED 3 TIMES, CODE SIZE REDUCTION:4 WORDS
                 SUBOPT_0x15:
0003ce df50      	RCALL __long_delay_G101
0003cf e3e0      	LDI  R30,LOW(48)
0003d0 93ea      	ST   -Y,R30
0003d1 cf52      	RJMP __lcd_init_write_G101
                 
                 
                 	.CSEG
                 _delay_ms:
0003d2 91e9      	ld   r30,y+
0003d3 91f9      	ld   r31,y+
0003d4 9630      	adiw r30,0
0003d5 f039      	breq __delay_ms1
                 __delay_ms0:
                +
0003d6 ed80     +LDI R24 , LOW ( 0x7D0 )
0003d7 e097     +LDI R25 , HIGH ( 0x7D0 )
                +__DELAY_USW_LOOP :
0003d8 9701     +SBIW R24 , 1
0003d9 f7f1     +BRNE __DELAY_USW_LOOP
                 	__DELAY_USW 0x7D0
0003da 95a8      	wdr
0003db 9731      	sbiw r30,1
0003dc f7c9      	brne __delay_ms0
                 __delay_ms1:
0003dd 9508      	ret
                 
                 __ADDW2R15:
0003de 2400      	CLR  R0
0003df 0daf      	ADD  R26,R15
0003e0 1db0      	ADC  R27,R0
0003e1 9508      	RET
                 
                 __ANEGW1:
0003e2 95f1      	NEG  R31
0003e3 95e1      	NEG  R30
0003e4 40f0      	SBCI R31,0
0003e5 9508      	RET
                 
                 __CWD1:
0003e6 2f6f      	MOV  R22,R31
0003e7 0f66      	ADD  R22,R22
0003e8 0b66      	SBC  R22,R22
0003e9 2f76      	MOV  R23,R22
0003ea 9508      	RET
                 
                 __DIVW21U:
0003eb 2400      	CLR  R0
0003ec 2411      	CLR  R1
0003ed e190      	LDI  R25,16
                 __DIVW21U1:
0003ee 0faa      	LSL  R26
0003ef 1fbb      	ROL  R27
0003f0 1c00      	ROL  R0
0003f1 1c11      	ROL  R1
0003f2 1a0e      	SUB  R0,R30
0003f3 0a1f      	SBC  R1,R31
0003f4 f418      	BRCC __DIVW21U2
0003f5 0e0e      	ADD  R0,R30
0003f6 1e1f      	ADC  R1,R31
0003f7 c001      	RJMP __DIVW21U3
                 __DIVW21U2:
0003f8 60a1      	SBR  R26,1
                 __DIVW21U3:
0003f9 959a      	DEC  R25
0003fa f799      	BRNE __DIVW21U1
0003fb 01fd      	MOVW R30,R26
0003fc 01d0      	MOVW R26,R0
0003fd 9508      	RET
                 
                 __DIVW21:
0003fe d012      	RCALL __CHKSIGNW
0003ff dfeb      	RCALL __DIVW21U
000400 f40e      	BRTC __DIVW211
000401 dfe0      	RCALL __ANEGW1
                 __DIVW211:
000402 9508      	RET
                 
                 __MODW21:
000403 94e8      	CLT
000404 ffb7      	SBRS R27,7
000405 c004      	RJMP __MODW211
000406 95a0      	COM  R26
000407 95b0      	COM  R27
000408 9611      	ADIW R26,1
000409 9468      	SET
                 __MODW211:
00040a fdf7      	SBRC R31,7
00040b dfd6      	RCALL __ANEGW1
00040c dfde      	RCALL __DIVW21U
00040d 01fd      	MOVW R30,R26
00040e f40e      	BRTC __MODW212
00040f dfd2      	RCALL __ANEGW1
                 __MODW212:
000410 9508      	RET
                 
                 __CHKSIGNW:
000411 94e8      	CLT
000412 fff7      	SBRS R31,7
000413 c002      	RJMP __CHKSW1
000414 dfcd      	RCALL __ANEGW1
000415 9468      	SET
                 __CHKSW1:
000416 ffb7      	SBRS R27,7
000417 c006      	RJMP __CHKSW2
000418 95a0      	COM  R26
000419 95b0      	COM  R27
00041a 9611      	ADIW R26,1
00041b f800      	BLD  R0,0
00041c 9403      	INC  R0
00041d fa00      	BST  R0,0
                 __CHKSW2:
00041e 9508      	RET
                 
                 __GETW1P:
00041f 91ed      	LD   R30,X+
000420 91fc      	LD   R31,X
000421 9711      	SBIW R26,1
000422 9508      	RET
                 
                 __GETW1PF:
000423 9005      	LPM  R0,Z+
000424 91f4      	LPM  R31,Z
000425 2de0      	MOV  R30,R0
000426 9508      	RET
                 
                 __PUTPARD1:
000427 937a      	ST   -Y,R23
000428 936a      	ST   -Y,R22
000429 93fa      	ST   -Y,R31
00042a 93ea      	ST   -Y,R30
00042b 9508      	RET
                 
                 __SAVELOCR6:
00042c 935a      	ST   -Y,R21
                 __SAVELOCR5:
00042d 934a      	ST   -Y,R20
                 __SAVELOCR4:
00042e 933a      	ST   -Y,R19
                 __SAVELOCR3:
00042f 932a      	ST   -Y,R18
                 __SAVELOCR2:
000430 931a      	ST   -Y,R17
000431 930a      	ST   -Y,R16
000432 9508      	RET
                 
                 __LOADLOCR6:
000433 815d      	LDD  R21,Y+5
                 __LOADLOCR5:
000434 814c      	LDD  R20,Y+4
                 __LOADLOCR4:
000435 813b      	LDD  R19,Y+3
                 __LOADLOCR3:
000436 812a      	LDD  R18,Y+2
                 __LOADLOCR2:
000437 8119      	LDD  R17,Y+1
000438 8108      	LD   R16,Y
000439 9508      	RET
                 
                 __LOADLOCR2P:
00043a 9109      	LD   R16,Y+
00043b 9119      	LD   R17,Y+
00043c 9508      	RET
                 
                 ;END OF CODE MARKER
                 __END_OF_CODE:


RESOURCE USE INFORMATION
------------------------

Notice:
The register and instruction counts are symbol table hit counts,
and hence implicitly used resources are not counted, eg, the
'lpm' instruction without operands implicitly uses r0 and z,
none of which are counted.

x,y,z are separate entities in the symbol table and are
counted separately from r26..r31 here.

.dseg memory usage only counts static data declared with .byte

ATmega8535 register use summary:
r0 :  19 r1 :   5 r2 :   1 r3 :   0 r4 :   0 r5 :   4 r6 :   4 r7 :   3 
r8 :   2 r9 :   4 r10:   0 r11:   0 r12:   0 r13:   0 r14:   0 r15:   4 
r16:  35 r17:  25 r18:  29 r19:   8 r20:   9 r21:  17 r22:  11 r23:   2 
r24:  12 r25:   5 r26: 105 r27:  35 r28:  15 r29:   1 r30: 251 r31:  74 
x  :  19 y  : 139 z  :  16 
Registers used: 28 out of 35 (80.0%)

ATmega8535 instruction use summary:
.lds  :   0 .lds.l:   0 .sts  :   0 .sts.l:   0 adc   :   2 add   :   5 
adiw  :  27 and   :   0 andi  :  11 asr   :   0 bclr  :   0 bld   :   2 
brbc  :   0 brbs  :   0 brcc  :   1 brcs  :   0 break :   0 breq  :  18 
brge  :   0 brhc  :   0 brhs  :   0 brid  :   0 brie  :   0 brlo  :   8 
brlt  :   0 brmi  :   1 brne  :  32 brpl  :   1 brsh  :   2 brtc  :   2 
brts  :   1 brvc  :   0 brvs  :   0 bset  :   0 bst   :   1 cbi   :  10 
cbr   :   0 clc   :   0 clh   :   0 cli   :   3 cln   :   0 clr   :  14 
cls   :   0 clt   :   3 clv   :   0 clz   :   0 com   :   4 cp    :   6 
cpc   :   2 cpi   :  36 cpse  :   0 dec   :   3 des   :   0 eor   :   0 
fmul  :   0 fmuls :   0 fmulsu:   0 icall :   2 ijmp  :   0 in    :  13 
inc   :   5 ld    :  31 ldd   :  61 ldi   : 119 lds   :  16 lpm   :  14 
lsl   :   1 lsr   :   0 mov   :  19 movw  :  19 mul   :   1 muls  :   0 
mulsu :   0 neg   :   2 nop   :   0 or    :   2 ori   :   8 out   :  37 
pop   :   3 push  :   3 rcall : 161 ret   :  46 reti  :   2 rjmp  :  93 
rol   :   3 ror   :   0 sbc   :   3 sbci  :   3 sbi   :   9 sbic  :   0 
sbis  :   1 sbiw  :  18 sbr   :   1 sbrc  :   4 sbrs  :  13 sec   :   0 
seh   :   0 sei   :   3 sen   :   0 ser   :   0 ses   :   0 set   :   4 
sev   :   0 sez   :   0 sleep :   0 spm   :   0 st    :  51 std   :  19 
sts   :  10 sub   :   2 subi  :  21 swap  :   2 tst   :   4 wdr   :   1 

Instructions used: 65 out of 114 (57.0%)

ATmega8535 memory use summary [bytes]:
Segment   Begin    End      Code   Data   Used    Size   Use%
---------------------------------------------------------------
[.cseg] 0x000000 0x00087a   2098     72   2170    8192  26.5%
[.dseg] 0x000060 0x000110      0     48     48     607   7.9%
[.eseg] 0x000000 0x000000      0      0      0     512   0.0%

Assembly complete, 0 errors, 7 warnings
